Component: ARM Compiler 5.05 update 1 (build 106) Tool: armlink [4d0efa]

==============================================================================

Section Cross References

    main.o(.text) refers to rand.o(.text) for srand
    main.o(.text) refers to misc.o(.text) for NVIC_PriorityGroupConfig
    main.o(.text) refers to delay.o(.text) for delay_init
    main.o(.text) refers to usart.o(.text) for uart_init
    main.o(.text) refers to led.o(.text) for LED_Init
    main.o(.text) refers to lcd.o(.text) for LCD_Init
    main.o(.text) refers to rtc.o(.text) for RTC_Init
    main.o(.text) refers to image2lcd.o(.text) for image_display
    main.o(.text) refers to shownum.o(.text) for Drawday
    main.o(.text) refers to image1.o(.constdata) for gImage_image1
    main.o(.text) refers to usmart_config.o(.data) for usmart_dev
    main.o(.text) refers to digital_led.o(.data) for draw_str
    main.o(.text) refers to lcd.o(.data) for POINT_COLOR
    main.o(.text) refers to rtc.o(.bss) for calendar
    system_stm32f10x.o(.text) refers to system_stm32f10x.o(.data) for SystemCoreClock
    shownum.o(.text) refers to lcd.o(.text) for LCD_DrawLine
    shownum.o(.text) refers to digital_led.o(i.Digital_Draw_num) for Digital_Draw_num
    shownum.o(.text) refers to lcd.o(.data) for POINT_COLOR
    led.o(.text) refers to stm32f10x_rcc.o(.text) for RCC_APB2PeriphClockCmd
    led.o(.text) refers to stm32f10x_gpio.o(.text) for GPIO_Init
    lcd.o(.text) refers to _printf_percent.o(.ARM.Collect$$_printf_percent$$00000000) for _printf_percent
    lcd.o(.text) refers to _printf_x.o(.ARM.Collect$$_printf_percent$$0000000C) for _printf_x
    lcd.o(.text) refers to _printf_hex_int.o(.text) for _printf_longlong_hex
    lcd.o(.text) refers to lcd.o(.bss) for lcddev
    lcd.o(.text) refers to dflt_clz.o(x$fpl$dfltu) for __aeabi_ui2d
    lcd.o(.text) refers to dmul.o(x$fpl$dmul) for __aeabi_dmul
    lcd.o(.text) refers to dfixu.o(x$fpl$dfixu) for __aeabi_d2uiz
    lcd.o(.text) refers to lcd.o(.data) for POINT_COLOR
    lcd.o(.text) refers to stm32f10x_rcc.o(.text) for RCC_APB2PeriphClockCmd
    lcd.o(.text) refers to stm32f10x_gpio.o(.text) for GPIO_PinRemapConfig
    lcd.o(.text) refers to delay.o(.text) for delay_ms
    lcd.o(.text) refers to noretval__2printf.o(.text) for __2printf
    lcd.o(.text) refers to lcd.o(.constdata) for asc2_1206
    rtc.o(.text) refers to misc.o(.text) for NVIC_Init
    rtc.o(.text) refers to stm32f10x_rtc.o(.text) for RTC_GetCounter
    rtc.o(.text) refers to stm32f10x_rcc.o(.text) for RCC_APB1PeriphClockCmd
    rtc.o(.text) refers to stm32f10x_pwr.o(.text) for PWR_BackupAccessCmd
    rtc.o(.text) refers to stm32f10x_bkp.o(.text) for BKP_ReadBackupRegister
    rtc.o(.text) refers to delay.o(.text) for delay_ms
    rtc.o(.text) refers to rtc.o(.constdata) for table_week
    rtc.o(.text) refers to rtc.o(.data) for daycnt
    rtc.o(.text) refers to rtc.o(.bss) for calendar
    delay.o(.text) refers to misc.o(.text) for SysTick_CLKSourceConfig
    delay.o(.text) refers to system_stm32f10x.o(.data) for SystemCoreClock
    delay.o(.text) refers to delay.o(.data) for fac_us
    usart.o(.text) refers (Special) to use_no_semi_2.o(.text) for __use_no_semihosting
    usart.o(.text) refers to stm32f10x_rcc.o(.text) for RCC_APB2PeriphClockCmd
    usart.o(.text) refers to stm32f10x_gpio.o(.text) for GPIO_Init
    usart.o(.text) refers to misc.o(.text) for NVIC_Init
    usart.o(.text) refers to stm32f10x_usart.o(.text) for USART_Init
    usart.o(.text) refers to usart.o(.data) for USART_RX_STA
    usart.o(.text) refers to usart.o(.bss) for USART_RX_BUF
    usart.o(.bss) refers (Special) to use_no_semi_2.o(.text) for __use_no_semihosting
    usart.o(.data) refers (Special) to use_no_semi_2.o(.text) for __use_no_semihosting
    startup_stm32f10x_hd.o(STACK) refers (Special) to heapauxi.o(.text) for __use_two_region_memory
    startup_stm32f10x_hd.o(HEAP) refers (Special) to heapauxi.o(.text) for __use_two_region_memory
    startup_stm32f10x_hd.o(RESET) refers (Special) to heapauxi.o(.text) for __use_two_region_memory
    startup_stm32f10x_hd.o(RESET) refers to startup_stm32f10x_hd.o(STACK) for __initial_sp
    startup_stm32f10x_hd.o(RESET) refers to startup_stm32f10x_hd.o(.text) for Reset_Handler
    startup_stm32f10x_hd.o(RESET) refers to stm32f10x_it.o(.text) for NMI_Handler
    startup_stm32f10x_hd.o(RESET) refers to rtc.o(.text) for RTC_IRQHandler
    startup_stm32f10x_hd.o(RESET) refers to usmart.o(.text) for TIM4_IRQHandler
    startup_stm32f10x_hd.o(RESET) refers to usart.o(.text) for USART1_IRQHandler
    startup_stm32f10x_hd.o(.text) refers (Special) to heapauxi.o(.text) for __use_two_region_memory
    startup_stm32f10x_hd.o(.text) refers to system_stm32f10x.o(.text) for SystemInit
    startup_stm32f10x_hd.o(.text) refers to __main.o(!!!main) for __main
    startup_stm32f10x_hd.o(.text) refers to startup_stm32f10x_hd.o(HEAP) for Heap_Mem
[...]
    ../fplib/dfixu.s                         0x00000000   Number         0  dfixu.o ABSOLUTE
    ../fplib/dflt.s                          0x00000000   Number         0  dflt_clz.o ABSOLUTE
    ../fplib/dmul.s                          0x00000000   Number         0  dmul.o ABSOLUTE
    ../fplib/dnaninf.s                       0x00000000   Number         0  dnaninf.o ABSOLUTE
    ../fplib/dretinf.s                       0x00000000   Number         0  dretinf.o ABSOLUTE
    ../fplib/fpinit.s                        0x00000000   Number         0  fpinit.o ABSOLUTE
    ../fplib/usenofp.s                       0x00000000   Number         0  usenofp.o ABSOLUTE
    ..\CORE\core_cm3.c                       0x00000000   Number         0  core_cm3.o ABSOLUTE
    ..\CORE\startup_stm32f10x_hd.s           0x00000000   Number         0  startup_stm32f10x_hd.o ABSOLUTE
    ..\HARDWARE\BEEP\BEEP.c                  0x00000000   Number         0  beep.o ABSOLUTE
    ..\HARDWARE\LCD\lcd.c                    0x00000000   Number         0  lcd.o ABSOLUTE
    ..\HARDWARE\LED\led.c                    0x00000000   Number         0  led.o ABSOLUTE
    ..\HARDWARE\RTC\rtc.c                    0x00000000   Number         0  rtc.o ABSOLUTE
    ..\IMAGE2LCD\image1.c                    0x00000000   Number         0  image1.o ABSOLUTE
    ..\IMAGE2LCD\image2lcd.c                 0x00000000   Number         0  image2lcd.o ABSOLUTE
    ..\STM32F10x_FWLib\src\misc.c            0x00000000   Number         0  misc.o ABSOLUTE
    ..\STM32F10x_FWLib\src\stm32f10x_bkp.c   0x00000000   Number         0  stm32f10x_bkp.o ABSOLUTE
    ..\STM32F10x_FWLib\src\stm32f10x_gpio.c  0x00000000   Number         0  stm32f10x_gpio.o ABSOLUTE
    ..\STM32F10x_FWLib\src\stm32f10x_pwr.c   0x00000000   Number         0  stm32f10x_pwr.o ABSOLUTE
    ..\STM32F10x_FWLib\src\stm32f10x_rcc.c   0x00000000   Number         0  stm32f10x_rcc.o ABSOLUTE
    ..\STM32F10x_FWLib\src\stm32f10x_rtc.c   0x00000000   Number         0  stm32f10x_rtc.o ABSOLUTE
    ..\STM32F10x_FWLib\src\stm32f10x_tim.c   0x00000000   Number         0  stm32f10x_tim.o ABSOLUTE
    ..\STM32F10x_FWLib\src\stm32f10x_usart.c 0x00000000   Number         0  stm32f10x_usart.o ABSOLUTE
    ..\SYSTEM\delay\delay.c                  0x00000000   Number         0  delay.o ABSOLUTE
    ..\SYSTEM\sys\sys.c                      0x00000000   Number         0  sys.o ABSOLUTE
    ..\SYSTEM\usart\usart.c                  0x00000000   Number         0  usart.o ABSOLUTE
    ..\USMART\usmart.c                       0x00000000   Number         0  usmart.o ABSOLUTE
    ..\USMART\usmart_config.c                0x00000000   Number         0  usmart_config.o ABSOLUTE
    ..\USMART\usmart_str.c                   0x00000000   Number         0  usmart_str.o ABSOLUTE
    ..\\CORE\\core_cm3.c                     0x00000000   Number         0  core_cm3.o ABSOLUTE
    ..\\SYSTEM\\sys\\sys.c                   0x00000000   Number         0  sys.o ABSOLUTE
    dc.s                                     0x00000000   Number         0  dc.o ABSOLUTE
    digital_led.c                            0x00000000   Number         0  digital_led.o ABSOLUTE
    main.c                                   0x00000000   Number         0  main.o ABSOLUTE
    shownum.c                                0x00000000   Number         0  shownum.o ABSOLUTE
    stm32f10x_it.c                           0x00000000   Number         0  stm32f10x_it.o ABSOLUTE
    system_stm32f10x.c                       0x00000000   Number         0  system_stm32f10x.o ABSOLUTE
    RESET                                    0x08000000   Section      304  startup_stm32f10x_hd.o(RESET)
    !!!main                                  0x08000130   Section        8  __main.o(!!!main)
    !!!scatter                               0x08000138   Section       52  __scatter.o(!!!scatter)
    !!dczerorl2                              0x0800016c   Section       90  __dczerorl2.o(!!dczerorl2)
    !!handler_zi                             0x080001c8   Section       28  __scatter_zi.o(!!handler_zi)
    .ARM.Collect$$_printf_percent$$00000000  0x080001e4   Section        0  _printf_percent.o(.ARM.Collect$$_printf_percent$$00000000)
    .ARM.Collect$$_printf_percent$$00000009  0x080001e4   Section        6  _printf_d.o(.ARM.Collect$$_printf_percent$$00000009)
    .ARM.Collect$$_printf_percent$$0000000A  0x080001ea   Section        6  _printf_u.o(.ARM.Collect$$_printf_percent$$0000000A)
    .ARM.Collect$$_printf_percent$$0000000C  0x080001f0   Section        6  _printf_x.o(.ARM.Collect$$_printf_percent$$0000000C)
    .ARM.Collect$$_printf_percent$$00000013  0x080001f6   Section        6  _printf_c.o(.ARM.Collect$$_printf_percent$$00000013)
    .ARM.Collect$$_printf_percent$$00000014  0x080001fc   Section        6  _printf_s.o(.ARM.Collect$$_printf_percent$$00000014)
    .ARM.Collect$$_printf_percent$$00000017  0x08000202   Section        4  _printf_percent_end.o(.ARM.Collect$$_printf_percent$$00000017)
    .ARM.Collect$$libinit$$00000000          0x08000206   Section        2  libinit.o(.ARM.Collect$$libinit$$00000000)
    .ARM.Collect$$libinit$$00000002          0x08000208   Section        0  libinit2.o(.ARM.Collect$$libinit$$00000002)
    .ARM.Collect$$libinit$$00000004          0x08000208   Section        0  libinit2.o(.ARM.Collect$$libinit$$00000004)
    .ARM.Collect$$libinit$$0000000A          0x08000208   Section        0  libinit2.o(.ARM.Collect$$libinit$$0000000A)
    .ARM.Collect$$libinit$$0000000C          0x08000208   Section        0  libinit2.o(.ARM.Collect$$libinit$$0000000C)
    .ARM.Collect$$libinit$$0000000D          0x08000208   Section        4  libinit2.o(.ARM.Collect$$libinit$$0000000D)
    .ARM.Collect$$libinit$$0000000E          0x0800020c   Section        0  libinit2.o(.ARM.Collect$$libinit$$0000000E)
    .ARM.Collect$$libinit$$00000011          0x0800020c   Section        0  libinit2.o(.ARM.Collect$$libinit$$00000011)
    .ARM.Collect$$libinit$$00000013          0x0800020c   Section        0  libinit2.o(.ARM.Collect$$libinit$$00000013)
    .ARM.Collect$$libinit$$00000015          0x0800020c   Section        0  libinit2.o(.ARM.Collect$$libinit$$00000015)
    .ARM.Collect$$libinit$$00000017          0x0800020c   Section        0  libinit2.o(.ARM.Collect$$libinit$$00000017)
    .ARM.Collect$$libinit$$00000019          0x0800020c   Section        0  libinit2.o(.ARM.Collect$$libinit$$00000019)
    .ARM.Collect$$libinit$$0000001B          0x0800020c   Section        0  libinit2.o(.ARM.Collect$$libinit$$0000001B)
    .ARM.Collect$$libinit$$0000001D          0x0800020c   Section        0  libinit2.o(.ARM.Collect$$libinit$$0000001D)
    .ARM.Collect$$libinit$$0000001F          0x0800020c   Section        0  libinit2.o(.ARM.Collect$$libinit$$0000001F)
    .ARM.Collect$$libinit$$00000021          0x0800020c   Section        0  libinit2.o(.ARM.Collect$$libinit$$00000021)
    .ARM.Collect$$libinit$$00000023          0x0800020c   Section        0  libinit2.o(.ARM.Collect$$libinit$$00000023)
    .ARM.Collect$$libinit$$00000025          0x0800020c   Section        0  libinit2.o(.ARM.Collect$$libinit$$00000025)
    .ARM.Collect$$libinit$$0000002C          0x0800020c   Section        0  libinit2.o(.ARM.Collect$$libinit$$0000002C)
    .ARM.Collect$$libinit$$0000002E          0x0800020c   Section        0  libinit2.o(.ARM.Collect$$libinit$$0000002E)
    .ARM.Collect$$libinit$$00000030          0x0800020c   Section        0  libinit2.o(.ARM.Collect$$libinit$$00000030)
    .ARM.Collect$$libinit$$00000032          0x0800020c   Section        0  libinit2.o(.ARM.Collect$$libinit$$00000032)
    .ARM.Collect$$libinit$$00000033          0x0800020c   Section        2  libinit2.o(.ARM.Collect$$libinit$$00000033)
    .ARM.Collect$$libshutdown$$00000000      0x0800020e   Section        2  libshutdown.o(.ARM.Collect$$libshutdown$$00000000)
    .ARM.Collect$$libshutdown$$00000003      0x08000210   Section        0  libshutdown2.o(.ARM.Collect$$libshutdown$$00000003)
    .ARM.Collect$$libshutdown$$00000006      0x08000210   Section        0  libshutdown2.o(.ARM.Collect$$libshutdown$$00000006)
    .ARM.Collect$$libshutdown$$00000009      0x08000210   Section        0  libshutdown2.o(.ARM.Collect$$libshutdown$$00000009)
    .ARM.Collect$$libshutdown$$0000000B      0x08000210   Section        0  libshutdown2.o(.ARM.Collect$$libshutdown$$0000000B)
    .ARM.Collect$$libshutdown$$0000000E      0x08000210   Section        0  libshutdown2.o(.ARM.Collect$$libshutdown$$0000000E)
    .ARM.Collect$$libshutdown$$0000000F      0x08000210   Section        2  libshutdown2.o(.ARM.Collect$$libshutdown$$0000000F)
    .ARM.Collect$$rtentry$$00000000          0x08000212   Section        0  __rtentry.o(.ARM.Collect$$rtentry$$00000000)
    .ARM.Collect$$rtentry$$00000002          0x08000212   Section        0  __rtentry2.o(.ARM.Collect$$rtentry$$00000002)
    .ARM.Collect$$rtentry$$00000004          0x08000212   Section        6  __rtentry4.o(.ARM.Collect$$rtentry$$00000004)
    .ARM.Collect$$rtentry$$00000009          0x08000218   Section        0  __rtentry2.o(.ARM.Collect$$rtentry$$00000009)
    .ARM.Collect$$rtentry$$0000000A          0x08000218   Section        4  __rtentry2.o(.ARM.Collect$$rtentry$$0000000A)
    .ARM.Collect$$rtentry$$0000000C          0x0800021c   Section        0  __rtentry2.o(.ARM.Collect$$rtentry$$0000000C)
    .ARM.Collect$$rtentry$$0000000D          0x0800021c   Section        8  __rtentry2.o(.ARM.Collect$$rtentry$$0000000D)
    .ARM.Collect$$rtexit$$00000000           0x08000224   Section        2  rtexit.o(.ARM.Collect$$rtexit$$00000000)
    .ARM.Collect$$rtexit$$00000002           0x08000226   Section        0  rtexit2.o(.ARM.Collect$$rtexit$$00000002)
    .ARM.Collect$$rtexit$$00000003           0x08000226   Section        4  rtexit2.o(.ARM.Collect$$rtexit$$00000003)
    .ARM.Collect$$rtexit$$00000004           0x0800022a   Section        6  rtexit2.o(.ARM.Collect$$rtexit$$00000004)
    .text                                    0x08000230   Section        0  main.o(.text)
    .text                                    0x080005f4   Section        0  stm32f10x_it.o(.text)
    .text                                    0x08000610   Section        0  system_stm32f10x.o(.text)
    SetSysClockTo72                          0x08000611   Thumb Code   214  system_stm32f10x.o(.text)
    SetSysClock                              0x080006e7   Thumb Code     8  system_stm32f10x.o(.text)
    .text                                    0x080007f0   Section        0  shownum.o(.text)
    .text                                    0x08000ab4   Section        0  led.o(.text)
    .text                                    0x08000b04   Section        0  lcd.o(.text)
    .text                                    0x08004a94   Section        0  rtc.o(.text)
    RTC_NVIC_Config                          0x08004a95   Thumb Code    32  rtc.o(.text)
    .text                                    0x08004f24   Section        0  delay.o(.text)
    .text                                    0x08004ff8   Section        0  usart.o(.text)
    .text                                    0x08005138   Section       64  startup_stm32f10x_hd.o(.text)
    .text                                    0x08005178   Section        0  stm32f10x_gpio.o(.text)
    .text                                    0x080054d4   Section        0  stm32f10x_rcc.o(.text)
    .text                                    0x08005878   Section        0  stm32f10x_usart.o(.text)
    .text                                    0x08005c80   Section        0  misc.o(.text)
    .text                                    0x08005d5c   Section        0  stm32f10x_tim.o(.text)
    TI4_Config                               0x08006203   Thumb Code   130  stm32f10x_tim.o(.text)
    TI3_Config                               0x08006297   Thumb Code   122  stm32f10x_tim.o(.text)
    TI2_Config                               0x0800632b   Thumb Code   130  stm32f10x_tim.o(.text)
    TI1_Config                               0x080063bf   Thumb Code   108  stm32f10x_tim.o(.text)
    .text                                    0x08006b78   Section        0  stm32f10x_rtc.o(.text)
    .text                                    0x08006cc0   Section        0  stm32f10x_bkp.o(.text)
    .text                                    0x08006d84   Section        0  stm32f10x_pwr.o(.text)
    .text                                    0x08006e50   Section        0  usmart.o(.text)
    .text                                    0x08007a90   Section        0  usmart_str.o(.text)
    .text                                    0x08007fb8   Section        0  image2lcd.o(.text)
    .text                                    0x080080ac   Section        2  use_no_semi_2.o(.text)
    .text                                    0x080080b0   Section        0  noretval__2printf.o(.text)
    .text                                    0x080080c8   Section        0  _printf_pad.o(.text)
    .text                                    0x08008116   Section        0  _printf_str.o(.text)
    .text                                    0x08008168   Section        0  _printf_dec.o(.text)
    .text                                    0x080081e0   Section        0  _printf_hex_int.o(.text)
    .text                                    0x08008238   Section        0  __printf_flags_ss_wp.o(.text)
    .text                                    0x080083c0   Section        0  rand.o(.text)
    .text                                    0x080083fc   Section        0  heapauxi.o(.text)
    .text                                    0x08008402   Section        2  use_no_semi.o(.text)
    .text                                    0x08008404   Section        0  _printf_intcommon.o(.text)
    .text                                    0x080084b6   Section        0  _printf_char.o(.text)
    .text                                    0x080084e4   Section        0  _printf_char_file.o(.text)
    .text                                    0x08008508   Section        0  _printf_char_common.o(.text)
    _printf_input_char                       0x08008509   Thumb Code    10  _printf_char_common.o(.text)
    .text                                    0x08008538   Section        0  ferror.o(.text)
    .text                                    0x08008540   Section       74  sys_stackheap_outer.o(.text)
    .text                                    0x0800858a   Section        0  exit.o(.text)
    .text                                    0x08008598   Section        8  libspace.o(.text)
    i.Digital_Draw_num                       0x080085a0   Section        0  digital_led.o(i.Digital_Draw_num)
    i.Digltal_Lib_Draw_Line                  0x0800ae28   Section        0  digital_led.o(i.Digltal_Lib_Draw_Line)
    Digltal_Lib_Draw_Line                    0x0800ae29   Thumb Code    40  digital_led.o(i.Digltal_Lib_Draw_Line)
    i._is_digit                              0x0800ae54   Section        0  __printf_wp.o(i._is_digit)
    i._lib_draw_bline                        0x0800ae62   Section        0  digital_led.o(i._lib_draw_bline)
    _lib_draw_bline                          0x0800ae63   Thumb Code   212  digital_led.o(i._lib_draw_bline)
    i._lib_draw_hline                        0x0800af38   Section        0  digital_led.o(i._lib_draw_hline)
    _lib_draw_hline                          0x0800af39   Thumb Code    46  digital_led.o(i._lib_draw_hline)
    i._lib_fill_circle                       0x0800af6c   Section        0  digital_led.o(i._lib_fill_circle)
    _lib_fill_circle                         0x0800af6d   Thumb Code   176  digital_led.o(i._lib_fill_circle)
    x$fpl$dfixu                              0x0800b01c   Section       90  dfixu.o(x$fpl$dfixu)
    x$fpl$dfltu                              0x0800b076   Section       38  dflt_clz.o(x$fpl$dfltu)
    x$fpl$dmul                               0x0800b09c   Section      340  dmul.o(x$fpl$dmul)
    x$fpl$dnaninf                            0x0800b1f0   Section      156  dnaninf.o(x$fpl$dnaninf)
    x$fpl$dretinf                            0x0800b28c   Section       12  dretinf.o(x$fpl$dretinf)
    .constdata                               0x0800b298   Section     6080  lcd.o(.constdata)
    x$fpl$usenofp                            0x0800b298   Section        0  usenofp.o(x$fpl$usenofp)
    .constdata                               0x0800ca58   Section       24  rtc.o(.constdata)
    .constdata                               0x0800ca70   Section    153608  image1.o(.constdata)
    .constdata                               0x08032278   Section       40  _printf_hex_int.o(.constdata)
    uc_hextab                                0x08032278   Data          20  _printf_hex_int.o(.constdata)
    lc_hextab                                0x0803228c   Data          20  _printf_hex_int.o(.constdata)
    .constdata                               0x080322a0   Section       17  __printf_flags_ss_wp.o(.constdata)
    maptable                                 0x080322a0   Data          17  __printf_flags_ss_wp.o(.constdata)
    .conststring                             0x080322b4   Section       40  usmart.o(.conststring)
    .conststring                             0x080322dc   Section      239  usmart_config.o(.conststring)
    .data                                    0x20000000   Section       20  system_stm32f10x.o(.data)
    .data                                    0x20000014   Section        4  lcd.o(.data)
    .data                                    0x20000018   Section        2  rtc.o(.data)
    daycnt                                   0x20000018   Data           2  rtc.o(.data)
    .data                                    0x2000001a   Section        4  delay.o(.data)
    fac_us                                   0x2000001a   Data           1  delay.o(.data)
    fac_ms                                   0x2000001c   Data           2  delay.o(.data)
    .data                                    0x20000020   Section        6  usart.o(.data)
    .data                                    0x20000026   Section       20  stm32f10x_rcc.o(.data)
    APBAHBPrescTable                         0x20000026   Data          16  stm32f10x_rcc.o(.data)
    ADCPrescTable                            0x20000036   Data           4  stm32f10x_rcc.o(.data)
    .data                                    0x2000003c   Section       28  usmart.o(.data)
    .data                                    0x20000058   Section      292  usmart_config.o(.data)
    .data                                    0x2000017c   Section       42  digital_led.o(.data)
    .bss                                     0x200001a8   Section       14  lcd.o(.bss)
    .bss                                     0x200001b6   Section       30  rtc.o(.bss)
    .bss                                     0x200001d4   Section      200  usart.o(.bss)
    .bss                                     0x2000029c   Section      228  rand.o(.bss)
    .bss                                     0x20000380   Section       96  libspace.o(.bss)
    HEAP                                     0x200003e0   Section      512  startup_stm32f10x_hd.o(HEAP)
    Heap_Mem                                 0x200003e0   Data         512  startup_stm32f10x_hd.o(HEAP)
    STACK                                    0x200005e0   Section     1024  startup_stm32f10x_hd.o(STACK)
    Stack_Mem                                0x200005e0   Data        1024  startup_stm32f10x_hd.o(STACK)
    __initial_sp                             0x200009e0   Data           0  startup_stm32f10x_hd.o(STACK)

    Global Symbols

    Symbol Name                              Value     Ov Type        Size  Object(Section)

    BuildAttributes$$THM_ISAv4$P$D$K$B$S$PE$A:L22UL41UL21$X:L11$S22US41US21$IEEE1$IW$USESV6$~STKCKD$USESV7$~SHL$OSPACE$ROPI$EBA8$UX$STANDARDLIB$REQ8$PRES8$EABIv2 0x00000000   Number         0  anon$$obj.o ABSOLUTE
    __ARM_use_no_argv                        0x00000000   Number         0  main.o ABSOLUTE
    _printf_flags                            0x00000000   Number         0  printf_stubs.o ABSOLUTE
    _printf_return_value                     0x00000000   Number         0  printf_stubs.o ABSOLUTE
    _printf_sizespec                         0x00000000   Number         0  printf_stubs.o ABSOLUTE
    _printf_widthprec                        0x00000000   Number         0  printf_stubs.o ABSOLUTE
    __ARM_exceptions_init                     - Undefined Weak Reference
    __alloca_initialize                       - Undefined Weak Reference
    __arm_preinit_                            - Undefined Weak Reference
    __cpp_initialize__aeabi_                  - Undefined Weak Reference
    __cxa_finalize                            - Undefined Weak Reference
    __rt_locale                               - Undefined Weak Reference
    __sigvec_lookup                           - Undefined Weak Reference
    _atexit_init                              - Undefined Weak Reference
    _call_atexit_fns                          - Undefined Weak Reference
    _clock_init                               - Undefined Weak Reference
    _fp_trap_init                             - Undefined Weak Reference
    _fp_trap_shutdown                         - Undefined Weak Reference
    _get_lc_collate                           - Undefined Weak Reference
    _get_lc_ctype                             - Undefined Weak Reference
    _get_lc_monetary                          - Undefined Weak Reference
    _get_lc_numeric                           - Undefined Weak Reference
    _get_lc_time                              - Undefined Weak Reference
    _getenv_init                              - Undefined Weak Reference
    _handle_redirection                       - Undefined Weak Reference
    _init_alloc                               - Undefined Weak Reference
    _init_user_alloc                          - Undefined Weak Reference
    _initio                                   - Undefined Weak Reference
    _mutex_acquire                            - Undefined Weak Reference
    _mutex_release                            - Undefined Weak Reference
    _printf_mbtowc                            - Undefined Weak Reference
    _printf_truncate_signed                   - Undefined Weak Reference
    _printf_truncate_unsigned                 - Undefined Weak Reference
    _signal_finish                            - Undefined Weak Reference
    _signal_init                              - Undefined Weak Reference
    _terminate_alloc                          - Undefined Weak Reference
    _terminate_user_alloc                     - Undefined Weak Reference
    _terminateio                              - Undefined Weak Reference
    __Vectors_Size                           0x00000130   Number         0  startup_stm32f10x_hd.o ABSOLUTE
    __Vectors                                0x08000000   Data           4  startup_stm32f10x_hd.o(RESET)
    __Vectors_End                            0x08000130   Data           0  startup_stm32f10x_hd.o(RESET)
    __main                                   0x08000131   Thumb Code     8  __main.o(!!!main)
    __scatterload                            0x08000139   Thumb Code     0  __scatter.o(!!!scatter)
    __scatterload_rt2                        0x08000139   Thumb Code    44  __scatter.o(!!!scatter)
    __scatterload_rt2_thumb_only             0x08000139   Thumb Code     0  __scatter.o(!!!scatter)
    __scatterload_null                       0x08000147   Thumb Code     0  __scatter.o(!!!scatter)
    __decompress                             0x0800016d   Thumb Code    90  __dczerorl2.o(!!dczerorl2)
    __decompress1                            0x0800016d   Thumb Code     0  __dczerorl2.o(!!dczerorl2)
    __scatterload_zeroinit                   0x080001c9   Thumb Code    28  __scatter_zi.o(!!handler_zi)
    _printf_d                                0x080001e5   Thumb Code     0  _printf_d.o(.ARM.Collect$$_printf_percent$$00000009)
    _printf_percent                          0x080001e5   Thumb Code     0  _printf_percent.o(.ARM.Collect$$_printf_percent$$00000000)
    _printf_u                                0x080001eb   Thumb Code     0  _printf_u.o(.ARM.Collect$$_printf_percent$$0000000A)
    _printf_x                                0x080001f1   Thumb Code     0  _printf_x.o(.ARM.Collect$$_printf_percent$$0000000C)
    _printf_c                                0x080001f7   Thumb Code     0  _printf_c.o(.ARM.Collect$$_printf_percent$$00000013)
    _printf_s                                0x080001fd   Thumb Code     0  _printf_s.o(.ARM.Collect$$_printf_percent$$00000014)
    _printf_percent_end                      0x08000203   Thumb Code     0  _printf_percent_end.o(.ARM.Collect$$_printf_percent$$00000017)
    __rt_lib_init                            0x08000207   Thumb Code     0  libinit.o(.ARM.Collect$$libinit$$00000000)
    __rt_lib_init_fp_1                       0x08000209   Thumb Code     0  libinit2.o(.ARM.Collect$$libinit$$00000002)
    __rt_lib_init_heap_1                     0x08000209   Thumb Code     0  libinit2.o(.ARM.Collect$$libinit$$0000000A)
    __rt_lib_init_preinit_1                  0x08000209   Thumb Code     0  libinit2.o(.ARM.Collect$$libinit$$00000004)
    __rt_lib_init_rand_2                     0x08000209   Thumb Code     0  libinit2.o(.ARM.Collect$$libinit$$0000000D)
    __rt_lib_init_user_alloc_1               0x08000209   Thumb Code     0  libinit2.o(.ARM.Collect$$libinit$$0000000C)
    __rt_lib_init_alloca_1                   0x0800020d   Thumb Code     0  libinit2.o(.ARM.Collect$$libinit$$0000002E)
    __rt_lib_init_argv_1                     0x0800020d   Thumb Code     0  libinit2.o(.ARM.Collect$$libinit$$0000002C)
    __rt_lib_init_atexit_1                   0x0800020d   Thumb Code     0  libinit2.o(.ARM.Collect$$libinit$$0000001B)
    __rt_lib_init_clock_1                    0x0800020d   Thumb Code     0  libinit2.o(.ARM.Collect$$libinit$$00000021)
    __rt_lib_init_cpp_1                      0x0800020d   Thumb Code     0  libinit2.o(.ARM.Collect$$libinit$$00000032)
    __rt_lib_init_exceptions_1               0x0800020d   Thumb Code     0  libinit2.o(.ARM.Collect$$libinit$$00000030)
    __rt_lib_init_fp_trap_1                  0x0800020d   Thumb Code     0  libinit2.o(.ARM.Collect$$libinit$$0000001F)
    __rt_lib_init_getenv_1                   0x0800020d   Thumb Code     0  libinit2.o(.ARM.Collect$$libinit$$00000023)
    __rt_lib_init_lc_collate_1               0x0800020d   Thumb Code     0  libinit2.o(.ARM.Collect$$libinit$$00000011)
    __rt_lib_init_lc_ctype_1                 0x0800020d   Thumb Code     0  libinit2.o(.ARM.Collect$$libinit$$00000013)
    __rt_lib_init_lc_monetary_1              0x0800020d   Thumb Code     0  libinit2.o(.ARM.Collect$$libinit$$00000015)
    __rt_lib_init_lc_numeric_1               0x0800020d   Thumb Code     0  libinit2.o(.ARM.Collect$$libinit$$00000017)
    __rt_lib_init_lc_time_1                  0x0800020d   Thumb Code     0  libinit2.o(.ARM.Collect$$libinit$$00000019)
    __rt_lib_init_rand_1                     0x0800020d   Thumb Code     0  libinit2.o(.ARM.Collect$$libinit$$0000000E)
    __rt_lib_init_return                     0x0800020d   Thumb Code     0  libinit2.o(.ARM.Collect$$libinit$$00000033)
    __rt_lib_init_signal_1                   0x0800020d   Thumb Code     0  libinit2.o(.ARM.Collect$$libinit$$0000001D)
    __rt_lib_init_stdio_1                    0x0800020d   Thumb Code     0  libinit2.o(.ARM.Collect$$libinit$$00000025)
    __rt_lib_shutdown                        0x0800020f   Thumb Code     0  libshutdown.o(.ARM.Collect$$libshutdown$$00000000)
    __rt_lib_shutdown_fp_trap_1              0x08000211   Thumb Code     0  libshutdown2.o(.ARM.Collect$$libshutdown$$00000006)
    __rt_lib_shutdown_heap_1                 0x08000211   Thumb Code     0  libshutdown2.o(.ARM.Collect$$libshutdown$$0000000E)
    __rt_lib_shutdown_return                 0x08000211   Thumb Code     0  libshutdown2.o(.ARM.Collect$$libshutdown$$0000000F)
    __rt_lib_shutdown_signal_1               0x08000211   Thumb Code     0  libshutdown2.o(.ARM.Collect$$libshutdown$$00000009)
    __rt_lib_shutdown_stdio_1                0x08000211   Thumb Code     0  libshutdown2.o(.ARM.Collect$$libshutdown$$00000003)
    __rt_lib_shutdown_user_alloc_1           0x08000211   Thumb Code     0  libshutdown2.o(.ARM.Collect$$libshutdown$$0000000B)
    __rt_entry                               0x08000213   Thumb Code     0  __rtentry.o(.ARM.Collect$$rtentry$$00000000)
    __rt_entry_presh_1                       0x08000213   Thumb Code     0  __rtentry2.o(.ARM.Collect$$rtentry$$00000002)
    __rt_entry_sh                            0x08000213   Thumb Code     0  __rtentry4.o(.ARM.Collect$$rtentry$$00000004)
    __rt_entry_li                            0x08000219   Thumb Code     0  __rtentry2.o(.ARM.Collect$$rtentry$$0000000A)
    __rt_entry_postsh_1                      0x08000219   Thumb Code     0  __rtentry2.o(.ARM.Collect$$rtentry$$00000009)
    __rt_entry_main                          0x0800021d   Thumb Code     0  __rtentry2.o(.ARM.Collect$$rtentry$$0000000D)
    __rt_entry_postli_1                      0x0800021d   Thumb Code     0  __rtentry2.o(.ARM.Collect$$rtentry$$0000000C)
    __rt_exit                                0x08000225   Thumb Code     0  rtexit.o(.ARM.Collect$$rtexit$$00000000)
    __rt_exit_ls                             0x08000227   Thumb Code     0  rtexit2.o(.ARM.Collect$$rtexit$$00000003)
    __rt_exit_prels_1                        0x08000227   Thumb Code     0  rtexit2.o(.ARM.Collect$$rtexit$$00000002)
    __rt_exit_exit                           0x0800022b   Thumb Code     0  rtexit2.o(.ARM.Collect$$rtexit$$00000004)
    main                                     0x08000231   Thumb Code   880  main.o(.text)
    NMI_Handler                              0x080005f5   Thumb Code     2  stm32f10x_it.o(.text)
    HardFault_Handler                        0x080005f7   Thumb Code     4  stm32f10x_it.o(.text)
    MemManage_Handler                        0x080005fb   Thumb Code     4  stm32f10x_it.o(.text)
    BusFault_Handler                         0x080005ff   Thumb Code     4  stm32f10x_it.o(.text)
    UsageFault_Handler                       0x08000603   Thumb Code     4  stm32f10x_it.o(.text)
    SVC_Handler                              0x08000607   Thumb Code     2  stm32f10x_it.o(.text)
    DebugMon_Handler                         0x08000609   Thumb Code     2  stm32f10x_it.o(.text)
    PendSV_Handler                           0x0800060b   Thumb Code     2  stm32f10x_it.o(.text)
    SysTick_Handler                          0x0800060d   Thumb Code     2  stm32f10x_it.o(.text)
    SystemInit                               0x080006ef   Thumb Code    78  system_stm32f10x.o(.text)
    SystemCoreClockUpdate                    0x0800073d   Thumb Code   142  system_stm32f10x.o(.text)
    DrawLine                                 0x080007f1   Thumb Code    40  shownum.o(.text)
    DrawLine2                                0x08000819   Thumb Code    40  shownum.o(.text)
    DrawLine3_CLEAR                          0x08000841   Thumb Code    40  shownum.o(.text)
    Drawday                                  0x08000869   Thumb Code   350  shownum.o(.text)
    Drawhour                                 0x080009c7   Thumb Code    76  shownum.o(.text)
    Drawmin                                  0x08000a13   Thumb Code    76  shownum.o(.text)
    Drawsec1                                 0x08000a5f   Thumb Code    38  shownum.o(.text)
    Drawsec2                                 0x08000a85   Thumb Code    42  shownum.o(.text)
    LED_Init                                 0x08000ab5   Thumb Code    72  led.o(.text)
    LCD_WR_REG                               0x08000b05   Thumb Code    28  lcd.o(.text)
    LCD_WR_DATAX                             0x08000b21   Thumb Code    28  lcd.o(.text)
    opt_delay                                0x08000b3d   Thumb Code    14  lcd.o(.text)
    LCD_RD_DATA                              0x08000b4b   Thumb Code    86  lcd.o(.text)
    LCD_WriteReg                             0x08000ba1   Thumb Code    40  lcd.o(.text)
    LCD_ReadReg                              0x08000bc9   Thumb Code    16  lcd.o(.text)
    LCD_WriteRAM_Prepare                     0x08000bd9   Thumb Code    12  lcd.o(.text)
    LCD_WriteRAM                             0x08000be5   Thumb Code    28  lcd.o(.text)
    LCD_BGR2RGB                              0x08000c01   Thumb Code    26  lcd.o(.text)
    LCD_SetCursor                            0x08000c1b   Thumb Code   734  lcd.o(.text)
    LCD_ReadPoint                            0x08000ef9   Thumb Code   126  lcd.o(.text)
    LCD_DisplayOn                            0x08000f77   Thumb Code    32  lcd.o(.text)
    LCD_DisplayOff                           0x08000f97   Thumb Code    32  lcd.o(.text)
    LCD_Scan_Dir                             0x08000fb7   Thumb Code   930  lcd.o(.text)
    LCD_DrawPoint                            0x08001359   Thumb Code    52  lcd.o(.text)
    LCD_Fast_DrawPoint                       0x0800138d   Thumb Code   630  lcd.o(.text)
    LCD_SSD_BackLightSet                     0x08001603   Thumb Code   198  lcd.o(.text)
    LCD_Display_Dir                          0x080016c9   Thumb Code   320  lcd.o(.text)
    LCD_Set_Window                           0x08001809   Thumb Code   910  lcd.o(.text)
    LCD_Clear                                0x08001b97   Thumb Code    64  lcd.o(.text)
    LCD_Init                                 0x08001bd7   Thumb Code 10586  lcd.o(.text)
    LCD_Fill                                 0x08004531   Thumb Code   102  lcd.o(.text)
    LCD_Color_Fill                           0x08004597   Thumb Code   116  lcd.o(.text)
    LCD_DrawLine                             0x0800460b   Thumb Code   176  lcd.o(.text)
    LCD_DrawRectangle                        0x080046bb   Thumb Code    60  lcd.o(.text)
    LCD_Draw_Circle                          0x080046f7   Thumb Code   152  lcd.o(.text)
    LCD_ShowChar                             0x0800478f   Thumb Code   298  lcd.o(.text)
    LCD_Pow                                  0x080048b9   Thumb Code    22  lcd.o(.text)
    LCD_ShowNum                              0x080048cf   Thumb Code   148  lcd.o(.text)
    LCD_ShowxNum                             0x08004963   Thumb Code   190  lcd.o(.text)
    LCD_ShowString                           0x08004a21   Thumb Code   102  lcd.o(.text)
    RTC_Get_Week                             0x08004ab5   Thumb Code   116  rtc.o(.text)
    Is_Leap_Year                             0x08004b29   Thumb Code    58  rtc.o(.text)
    RTC_Get                                  0x08004b63   Thumb Code   240  rtc.o(.text)
    RTC_Set                                  0x08004c53   Thumb Code   188  rtc.o(.text)
    RTC_Init                                 0x08004d0f   Thumb Code   198  rtc.o(.text)
    RTC_IRQHandler                           0x08004dd5   Thumb Code    84  rtc.o(.text)
    RTC_Alarm_Set                            0x08004e29   Thumb Code   214  rtc.o(.text)
    delay_init                               0x08004f25   Thumb Code    50  delay.o(.text)
    delay_us                                 0x08004f57   Thumb Code    72  delay.o(.text)
    delay_ms                                 0x08004f9f   Thumb Code    72  delay.o(.text)
    _sys_exit                                0x08004ff9   Thumb Code     4  usart.o(.text)
    fputc                                    0x08004ffd   Thumb Code    24  usart.o(.text)
    uart_init                                0x08005015   Thumb Code   152  usart.o(.text)
    USART1_IRQHandler                        0x080050ad   Thumb Code   122  usart.o(.text)
    Reset_Handler                            0x08005139   Thumb Code     8  startup_stm32f10x_hd.o(.text)
    ADC1_2_IRQHandler                        0x08005153   Thumb Code     0  startup_stm32f10x_hd.o(.text)
    ADC3_IRQHandler                          0x08005153   Thumb Code     0  startup_stm32f10x_hd.o(.text)
    CAN1_RX1_IRQHandler                      0x08005153   Thumb Code     0  startup_stm32f10x_hd.o(.text)
    CAN1_SCE_IRQHandler                      0x08005153   Thumb Code     0  startup_stm32f10x_hd.o(.text)
    DMA1_Channel1_IRQHandler                 0x08005153   Thumb Code     0  startup_stm32f10x_hd.o(.text)
    DMA1_Channel2_IRQHandler                 0x08005153   Thumb Code     0  startup_stm32f10x_hd.o(.text)
    DMA1_Channel3_IRQHandler                 0x08005153   Thumb Code     0  startup_stm32f10x_hd.o(.text)
    DMA1_Channel4_IRQHandler                 0x08005153   Thumb Code     0  startup_stm32f10x_hd.o(.text)
    DMA1_Channel5_IRQHandler                 0x08005153   Thumb Code     0  startup_stm32f10x_hd.o(.text)
    DMA1_Channel6_IRQHandler                 0x08005153   Thumb Code     0  startup_stm32f10x_hd.o(.text)
    DMA1_Channel7_IRQHandler                 0x08005153   Thumb Code     0  startup_stm32f10x_hd.o(.text)
    DMA2_Channel1_IRQHandler                 0x08005153   Thumb Code     0  startup_stm32f10x_hd.o(.text)
    DMA2_Channel2_IRQHandler                 0x08005153   Thumb Code     0  startup_stm32f10x_hd.o(.text)
    DMA2_Channel3_IRQHandler                 0x08005153   Thumb Code     0  startup_stm32f10x_hd.o(.text)
    DMA2_Channel4_5_IRQHandler               0x08005153   Thumb Code     0  startup_stm32f10x_hd.o(.text)
    EXTI0_IRQHandler                         0x08005153   Thumb Code     0  startup_stm32f10x_hd.o(.text)
    EXTI15_10_IRQHandler                     0x08005153   Thumb Code     0  startup_stm32f10x_hd.o(.text)
    EXTI1_IRQHandler                         0x08005153   Thumb Code     0  startup_stm32f10x_hd.o(.text)
    EXTI2_IRQHandler                         0x08005153   Thumb Code     0  startup_stm32f10x_hd.o(.text)
    EXTI3_IRQHandler                         0x08005153   Thumb Code     0  startup_stm32f10x_hd.o(.text)
    EXTI4_IRQHandler                         0x08005153   Thumb Code     0  startup_stm32f10x_hd.o(.text)
    EXTI9_5_IRQHandler                       0x08005153   Thumb Code     0  startup_stm32f10x_hd.o(.text)
    FLASH_IRQHandler                         0x08005153   Thumb Code     0  startup_stm32f10x_hd.o(.text)
    FSMC_IRQHandler                          0x08005153   Thumb Code     0  startup_stm32f10x_hd.o(.text)
    I2C1_ER_IRQHandler                       0x08005153   Thumb Code     0  startup_stm32f10x_hd.o(.text)
    I2C1_EV_IRQHandler                       0x08005153   Thumb Code     0  startup_stm32f10x_hd.o(.text)
    I2C2_ER_IRQHandler                       0x08005153   Thumb Code     0  startup_stm32f10x_hd.o(.text)
    I2C2_EV_IRQHandler                       0x08005153   Thumb Code     0  startup_stm32f10x_hd.o(.text)
    PVD_IRQHandler                           0x08005153   Thumb Code     0  startup_stm32f10x_hd.o(.text)
    RCC_IRQHandler                           0x08005153   Thumb Code     0  startup_stm32f10x_hd.o(.text)
    RTCAlarm_IRQHandler                      0x08005153   Thumb Code     0  startup_stm32f10x_hd.o(.text)
    SDIO_IRQHandler                          0x08005153   Thumb Code     0  startup_stm32f10x_hd.o(.text)
    SPI1_IRQHandler                          0x08005153   Thumb Code     0  startup_stm32f10x_hd.o(.text)
    SPI2_IRQHandler                          0x08005153   Thumb Code     0  startup_stm32f10x_hd.o(.text)
    SPI3_IRQHandler                          0x08005153   Thumb Code     0  startup_stm32f10x_hd.o(.text)
    TAMPER_IRQHandler                        0x08005153   Thumb Code     0  startup_stm32f10x_hd.o(.text)
    TIM1_BRK_IRQHandler                      0x08005153   Thumb Code     0  startup_stm32f10x_hd.o(.text)
    TIM1_CC_IRQHandler                       0x08005153   Thumb Code     0  startup_stm32f10x_hd.o(.text)
    TIM1_TRG_COM_IRQHandler                  0x08005153   Thumb Code     0  startup_stm32f10x_hd.o(.text)
    TIM1_UP_IRQHandler                       0x08005153   Thumb Code     0  startup_stm32f10x_hd.o(.text)
    TIM2_IRQHandler                          0x08005153   Thumb Code     0  startup_stm32f10x_hd.o(.text)
    TIM3_IRQHandler                          0x08005153   Thumb Code     0  startup_stm32f10x_hd.o(.text)
    TIM5_IRQHandler                          0x08005153   Thumb Code     0  startup_stm32f10x_hd.o(.text)
    TIM6_IRQHandler                          0x08005153   Thumb Code     0  startup_stm32f10x_hd.o(.text)
    TIM7_IRQHandler                          0x08005153   Thumb Code     0  startup_stm32f10x_hd.o(.text)
    TIM8_BRK_IRQHandler                      0x08005153   Thumb Code     0  startup_stm32f10x_hd.o(.text)
    TIM8_CC_IRQHandler                       0x08005153   Thumb Code     0  startup_stm32f10x_hd.o(.text)
    TIM8_TRG_COM_IRQHandler                  0x08005153   Thumb Code     0  startup_stm32f10x_hd.o(.text)
    TIM8_UP_IRQHandler                       0x08005153   Thumb Code     0  startup_stm32f10x_hd.o(.text)
    UART4_IRQHandler                         0x08005153   Thumb Code     0  startup_stm32f10x_hd.o(.text)
    UART5_IRQHandler                         0x08005153   Thumb Code     0  startup_stm32f10x_hd.o(.text)
    USART2_IRQHandler                        0x08005153   Thumb Code     0  startup_stm32f10x_hd.o(.text)
    USART3_IRQHandler                        0x08005153   Thumb Code     0  startup_stm32f10x_hd.o(.text)
    USBWakeUp_IRQHandler                     0x08005153   Thumb Code     0  startup_stm32f10x_hd.o(.text)
    USB_HP_CAN1_TX_IRQHandler                0x08005153   Thumb Code     0  startup_stm32f10x_hd.o(.text)
    USB_LP_CAN1_RX0_IRQHandler               0x08005153   Thumb Code     0  startup_stm32f10x_hd.o(.text)
    WWDG_IRQHandler                          0x08005153   Thumb Code     0  startup_stm32f10x_hd.o(.text)
    __user_initial_stackheap                 0x08005155   Thumb Code     0  startup_stm32f10x_hd.o(.text)
    GPIO_DeInit                              0x08005179   Thumb Code   172  stm32f10x_gpio.o(.text)
    GPIO_AFIODeInit                          0x08005225   Thumb Code    20  stm32f10x_gpio.o(.text)
    GPIO_Init                                0x08005239   Thumb Code   278  stm32f10x_gpio.o(.text)
    GPIO_StructInit                          0x0800534f   Thumb Code    16  stm32f10x_gpio.o(.text)
    GPIO_ReadInputDataBit                    0x0800535f   Thumb Code    18  stm32f10x_gpio.o(.text)
    GPIO_ReadInputData                       0x08005371   Thumb Code     8  stm32f10x_gpio.o(.text)
    GPIO_ReadOutputDataBit                   0x08005379   Thumb Code    18  stm32f10x_gpio.o(.text)
    GPIO_ReadOutputData                      0x0800538b   Thumb Code     8  stm32f10x_gpio.o(.text)
    GPIO_SetBits                             0x08005393   Thumb Code     4  stm32f10x_gpio.o(.text)
    GPIO_ResetBits                           0x08005397   Thumb Code     4  stm32f10x_gpio.o(.text)
    GPIO_WriteBit                            0x0800539b   Thumb Code    10  stm32f10x_gpio.o(.text)
    GPIO_Write                               0x080053a5   Thumb Code     4  stm32f10x_gpio.o(.text)
    GPIO_PinLockConfig                       0x080053a9   Thumb Code    18  stm32f10x_gpio.o(.text)
    GPIO_EventOutputConfig                   0x080053bb   Thumb Code    26  stm32f10x_gpio.o(.text)
    GPIO_EventOutputCmd                      0x080053d5   Thumb Code     6  stm32f10x_gpio.o(.text)
    GPIO_PinRemapConfig                      0x080053db   Thumb Code   138  stm32f10x_gpio.o(.text)
    GPIO_EXTILineConfig                      0x08005465   Thumb Code    66  stm32f10x_gpio.o(.text)
    GPIO_ETH_MediaInterfaceConfig            0x080054a7   Thumb Code     8  stm32f10x_gpio.o(.text)
    RCC_DeInit                               0x080054d5   Thumb Code    64  stm32f10x_rcc.o(.text)
    RCC_HSEConfig                            0x08005515   Thumb Code    70  stm32f10x_rcc.o(.text)
    RCC_GetFlagStatus                        0x0800555b   Thumb Code    56  stm32f10x_rcc.o(.text)
    RCC_WaitForHSEStartUp                    0x08005593   Thumb Code    56  stm32f10x_rcc.o(.text)
    RCC_AdjustHSICalibrationValue            0x080055cb   Thumb Code    20  stm32f10x_rcc.o(.text)
    RCC_HSICmd                               0x080055df   Thumb Code     6  stm32f10x_rcc.o(.text)
    RCC_PLLConfig                            0x080055e5   Thumb Code    24  stm32f10x_rcc.o(.text)
    RCC_PLLCmd                               0x080055fd   Thumb Code     6  stm32f10x_rcc.o(.text)
    RCC_SYSCLKConfig                         0x08005603   Thumb Code    18  stm32f10x_rcc.o(.text)
    RCC_GetSYSCLKSource                      0x08005615   Thumb Code    10  stm32f10x_rcc.o(.text)
    RCC_HCLKConfig                           0x0800561f   Thumb Code    18  stm32f10x_rcc.o(.text)
    RCC_PCLK1Config                          0x08005631   Thumb Code    18  stm32f10x_rcc.o(.text)
    RCC_PCLK2Config                          0x08005643   Thumb Code    20  stm32f10x_rcc.o(.text)
    RCC_ITConfig                             0x08005657   Thumb Code    26  stm32f10x_rcc.o(.text)
    RCC_USBCLKConfig                         0x08005671   Thumb Code     8  stm32f10x_rcc.o(.text)
    RCC_ADCCLKConfig                         0x08005679   Thumb Code    18  stm32f10x_rcc.o(.text)
    RCC_LSEConfig                            0x0800568b   Thumb Code    50  stm32f10x_rcc.o(.text)
    RCC_LSICmd                               0x080056bd   Thumb Code     6  stm32f10x_rcc.o(.text)
    RCC_RTCCLKConfig                         0x080056c3   Thumb Code    12  stm32f10x_rcc.o(.text)
    RCC_RTCCLKCmd                            0x080056cf   Thumb Code     8  stm32f10x_rcc.o(.text)
    RCC_GetClocksFreq                        0x080056d7   Thumb Code   192  stm32f10x_rcc.o(.text)
    RCC_AHBPeriphClockCmd                    0x08005797   Thumb Code    26  stm32f10x_rcc.o(.text)
    RCC_APB2PeriphClockCmd                   0x080057b1   Thumb Code    26  stm32f10x_rcc.o(.text)
    RCC_APB1PeriphClockCmd                   0x080057cb   Thumb Code    26  stm32f10x_rcc.o(.text)
    RCC_APB2PeriphResetCmd                   0x080057e5   Thumb Code    26  stm32f10x_rcc.o(.text)
    RCC_APB1PeriphResetCmd                   0x080057ff   Thumb Code    26  stm32f10x_rcc.o(.text)
    RCC_BackupResetCmd                       0x08005819   Thumb Code     8  stm32f10x_rcc.o(.text)
    RCC_ClockSecuritySystemCmd               0x08005821   Thumb Code     6  stm32f10x_rcc.o(.text)
    RCC_MCOConfig                            0x08005827   Thumb Code     6  stm32f10x_rcc.o(.text)
    RCC_ClearFlag                            0x0800582d   Thumb Code    14  stm32f10x_rcc.o(.text)
    RCC_GetITStatus                          0x0800583b   Thumb Code    20  stm32f10x_rcc.o(.text)
    RCC_ClearITPendingBit                    0x0800584f   Thumb Code     6  stm32f10x_rcc.o(.text)
    USART_DeInit                             0x08005879   Thumb Code   134  stm32f10x_usart.o(.text)
    USART_Init                               0x080058ff   Thumb Code   210  stm32f10x_usart.o(.text)
    USART_StructInit                         0x080059d1   Thumb Code    24  stm32f10x_usart.o(.text)
    USART_ClockInit                          0x080059e9   Thumb Code    34  stm32f10x_usart.o(.text)
    USART_ClockStructInit                    0x08005a0b   Thumb Code    12  stm32f10x_usart.o(.text)
    USART_Cmd                                0x08005a17   Thumb Code    24  stm32f10x_usart.o(.text)
    USART_ITConfig                           0x08005a2f   Thumb Code    74  stm32f10x_usart.o(.text)
    USART_DMACmd                             0x08005a79   Thumb Code    18  stm32f10x_usart.o(.text)
    USART_SetAddress                         0x08005a8b   Thumb Code    18  stm32f10x_usart.o(.text)
    USART_WakeUpConfig                       0x08005a9d   Thumb Code    18  stm32f10x_usart.o(.text)
    USART_ReceiverWakeUpCmd                  0x08005aaf   Thumb Code    24  stm32f10x_usart.o(.text)
    USART_LINBreakDetectLengthConfig         0x08005ac7   Thumb Code    18  stm32f10x_usart.o(.text)
    USART_LINCmd                             0x08005ad9   Thumb Code    24  stm32f10x_usart.o(.text)
    USART_SendData                           0x08005af1   Thumb Code     8  stm32f10x_usart.o(.text)
    USART_ReceiveData                        0x08005af9   Thumb Code    10  stm32f10x_usart.o(.text)
    USART_SendBreak                          0x08005b03   Thumb Code    10  stm32f10x_usart.o(.text)
    USART_SetGuardTime                       0x08005b0d   Thumb Code    16  stm32f10x_usart.o(.text)
    USART_SetPrescaler                       0x08005b1d   Thumb Code    16  stm32f10x_usart.o(.text)
    USART_SmartCardCmd                       0x08005b2d   Thumb Code    24  stm32f10x_usart.o(.text)
    USART_SmartCardNACKCmd                   0x08005b45   Thumb Code    24  stm32f10x_usart.o(.text)
    USART_HalfDuplexCmd                      0x08005b5d   Thumb Code    24  stm32f10x_usart.o(.text)
    USART_OverSampling8Cmd                   0x08005b75   Thumb Code    22  stm32f10x_usart.o(.text)
    USART_OneBitMethodCmd                    0x08005b8b   Thumb Code    24  stm32f10x_usart.o(.text)
    USART_IrDAConfig                         0x08005ba3   Thumb Code    18  stm32f10x_usart.o(.text)
    USART_IrDACmd                            0x08005bb5   Thumb Code    24  stm32f10x_usart.o(.text)
    USART_GetFlagStatus                      0x08005bcd   Thumb Code    26  stm32f10x_usart.o(.text)
    USART_ClearFlag                          0x08005be7   Thumb Code    18  stm32f10x_usart.o(.text)
    USART_GetITStatus                        0x08005bf9   Thumb Code    84  stm32f10x_usart.o(.text)
    USART_ClearITPendingBit                  0x08005c4d   Thumb Code    52  stm32f10x_usart.o(.text)
    NVIC_PriorityGroupConfig                 0x08005c81   Thumb Code    10  misc.o(.text)
    NVIC_Init                                0x08005c8b   Thumb Code   100  misc.o(.text)
    NVIC_SetVectorTable                      0x08005cef   Thumb Code    14  misc.o(.text)
    NVIC_SystemLPConfig                      0x08005cfd   Thumb Code    34  misc.o(.text)
    SysTick_CLKSourceConfig                  0x08005d1f   Thumb Code    40  misc.o(.text)
    TIM_DeInit                               0x08005d5d   Thumb Code   424  stm32f10x_tim.o(.text)
    TIM_TimeBaseInit                         0x08005f05   Thumb Code   122  stm32f10x_tim.o(.text)
    TIM_OC1Init                              0x08005f7f   Thumb Code   132  stm32f10x_tim.o(.text)
    TIM_OC2Init                              0x08006003   Thumb Code   154  stm32f10x_tim.o(.text)
    TIM_OC3Init                              0x0800609d   Thumb Code   150  stm32f10x_tim.o(.text)
    TIM_OC4Init                              0x08006133   Thumb Code   182  stm32f10x_tim.o(.text)
    TIM_SetIC4Prescaler                      0x080061e9   Thumb Code    26  stm32f10x_tim.o(.text)
    TIM_SetIC3Prescaler                      0x08006285   Thumb Code    18  stm32f10x_tim.o(.text)
    TIM_SetIC2Prescaler                      0x08006311   Thumb Code    26  stm32f10x_tim.o(.text)
    TIM_SetIC1Prescaler                      0x080063ad   Thumb Code    18  stm32f10x_tim.o(.text)
    TIM_ICInit                               0x0800642b   Thumb Code   150  stm32f10x_tim.o(.text)
    TIM_PWMIConfig                           0x080064c1   Thumb Code   124  stm32f10x_tim.o(.text)
    TIM_BDTRConfig                           0x0800653d   Thumb Code    32  stm32f10x_tim.o(.text)
    TIM_TimeBaseStructInit                   0x0800655d   Thumb Code    18  stm32f10x_tim.o(.text)
    TIM_OCStructInit                         0x0800656f   Thumb Code    20  stm32f10x_tim.o(.text)
    TIM_ICStructInit                         0x08006583   Thumb Code    18  stm32f10x_tim.o(.text)
    TIM_BDTRStructInit                       0x08006595   Thumb Code    40  stm32f10x_tim.o(.text)
    TIM_Cmd                                  0x080065bd   Thumb Code    24  stm32f10x_tim.o(.text)
    TIM_CtrlPWMOutputs                       0x080065d5   Thumb Code    30  stm32f10x_tim.o(.text)
    TIM_ITConfig                             0x080065f3   Thumb Code    18  stm32f10x_tim.o(.text)
    TIM_GenerateEvent                        0x08006605   Thumb Code     4  stm32f10x_tim.o(.text)
    TIM_DMAConfig                            0x08006609   Thumb Code    10  stm32f10x_tim.o(.text)
    TIM_DMACmd                               0x08006613   Thumb Code    18  stm32f10x_tim.o(.text)
    TIM_InternalClockConfig                  0x08006625   Thumb Code    12  stm32f10x_tim.o(.text)
    TIM_SelectInputTrigger                   0x08006631   Thumb Code    18  stm32f10x_tim.o(.text)
    TIM_ITRxExternalClockConfig              0x08006643   Thumb Code    24  stm32f10x_tim.o(.text)
    TIM_TIxExternalClockConfig               0x0800665b   Thumb Code    62  stm32f10x_tim.o(.text)
    TIM_ETRConfig                            0x08006699   Thumb Code    28  stm32f10x_tim.o(.text)
    TIM_ETRClockMode1Config                  0x080066b5   Thumb Code    54  stm32f10x_tim.o(.text)
    TIM_ETRClockMode2Config                  0x080066eb   Thumb Code    32  stm32f10x_tim.o(.text)
    TIM_PrescalerConfig                      0x0800670b   Thumb Code     6  stm32f10x_tim.o(.text)
    TIM_CounterModeConfig                    0x08006711   Thumb Code    18  stm32f10x_tim.o(.text)
    TIM_EncoderInterfaceConfig               0x08006723   Thumb Code    66  stm32f10x_tim.o(.text)
    TIM_ForcedOC1Config                      0x08006765   Thumb Code    18  stm32f10x_tim.o(.text)
    TIM_ForcedOC2Config                      0x08006777   Thumb Code    26  stm32f10x_tim.o(.text)
    TIM_ForcedOC3Config                      0x08006791   Thumb Code    18  stm32f10x_tim.o(.text)
    TIM_ForcedOC4Config                      0x080067a3   Thumb Code    26  stm32f10x_tim.o(.text)
    TIM_ARRPreloadConfig                     0x080067bd   Thumb Code    24  stm32f10x_tim.o(.text)
    TIM_SelectCOM                            0x080067d5   Thumb Code    24  stm32f10x_tim.o(.text)
    TIM_SelectCCDMA                          0x080067ed   Thumb Code    24  stm32f10x_tim.o(.text)
    TIM_CCPreloadControl                     0x08006805   Thumb Code    24  stm32f10x_tim.o(.text)
    TIM_OC1PreloadConfig                     0x0800681d   Thumb Code    18  stm32f10x_tim.o(.text)
    TIM_OC2PreloadConfig                     0x0800682f   Thumb Code    26  stm32f10x_tim.o(.text)
    TIM_OC3PreloadConfig                     0x08006849   Thumb Code    18  stm32f10x_tim.o(.text)
    TIM_OC4PreloadConfig                     0x0800685b   Thumb Code    26  stm32f10x_tim.o(.text)
    TIM_OC1FastConfig                        0x08006875   Thumb Code    18  stm32f10x_tim.o(.text)
    TIM_OC2FastConfig                        0x08006887   Thumb Code    26  stm32f10x_tim.o(.text)
    TIM_OC3FastConfig                        0x080068a1   Thumb Code    18  stm32f10x_tim.o(.text)
    TIM_OC4FastConfig                        0x080068b3   Thumb Code    26  stm32f10x_tim.o(.text)
    TIM_ClearOC1Ref                          0x080068cd   Thumb Code    18  stm32f10x_tim.o(.text)
    TIM_ClearOC2Ref                          0x080068df   Thumb Code    24  stm32f10x_tim.o(.text)
    TIM_ClearOC3Ref                          0x080068f7   Thumb Code    18  stm32f10x_tim.o(.text)
    TIM_ClearOC4Ref                          0x08006909   Thumb Code    24  stm32f10x_tim.o(.text)
    TIM_OC1PolarityConfig                    0x08006921   Thumb Code    18  stm32f10x_tim.o(.text)
    TIM_OC1NPolarityConfig                   0x08006933   Thumb Code    18  stm32f10x_tim.o(.text)
    TIM_OC2PolarityConfig                    0x08006945   Thumb Code    26  stm32f10x_tim.o(.text)
    TIM_OC2NPolarityConfig                   0x0800695f   Thumb Code    26  stm32f10x_tim.o(.text)
    TIM_OC3PolarityConfig                    0x08006979   Thumb Code    26  stm32f10x_tim.o(.text)
    TIM_OC3NPolarityConfig                   0x08006993   Thumb Code    26  stm32f10x_tim.o(.text)
    TIM_OC4PolarityConfig                    0x080069ad   Thumb Code    26  stm32f10x_tim.o(.text)
    TIM_CCxCmd                               0x080069c7   Thumb Code    30  stm32f10x_tim.o(.text)
    TIM_CCxNCmd                              0x080069e5   Thumb Code    30  stm32f10x_tim.o(.text)
    TIM_SelectOCxM                           0x08006a03   Thumb Code    82  stm32f10x_tim.o(.text)
    TIM_UpdateDisableConfig                  0x08006a55   Thumb Code    24  stm32f10x_tim.o(.text)
    TIM_UpdateRequestConfig                  0x08006a6d   Thumb Code    24  stm32f10x_tim.o(.text)
    TIM_SelectHallSensor                     0x08006a85   Thumb Code    24  stm32f10x_tim.o(.text)
    TIM_SelectOnePulseMode                   0x08006a9d   Thumb Code    18  stm32f10x_tim.o(.text)
    TIM_SelectOutputTrigger                  0x08006aaf   Thumb Code    18  stm32f10x_tim.o(.text)
    TIM_SelectSlaveMode                      0x08006ac1   Thumb Code    18  stm32f10x_tim.o(.text)
    TIM_SelectMasterSlaveMode                0x08006ad3   Thumb Code    18  stm32f10x_tim.o(.text)
    TIM_SetCounter                           0x08006ae5   Thumb Code     4  stm32f10x_tim.o(.text)
    TIM_SetAutoreload                        0x08006ae9   Thumb Code     4  stm32f10x_tim.o(.text)
    TIM_SetCompare1                          0x08006aed   Thumb Code     4  stm32f10x_tim.o(.text)
    TIM_SetCompare2                          0x08006af1   Thumb Code     4  stm32f10x_tim.o(.text)
    TIM_SetCompare3                          0x08006af5   Thumb Code     4  stm32f10x_tim.o(.text)
    TIM_SetCompare4                          0x08006af9   Thumb Code     6  stm32f10x_tim.o(.text)
    TIM_SetClockDivision                     0x08006aff   Thumb Code    18  stm32f10x_tim.o(.text)
    TIM_GetCapture1                          0x08006b11   Thumb Code     6  stm32f10x_tim.o(.text)
    TIM_GetCapture2                          0x08006b17   Thumb Code     6  stm32f10x_tim.o(.text)
    TIM_GetCapture3                          0x08006b1d   Thumb Code     6  stm32f10x_tim.o(.text)
    TIM_GetCapture4                          0x08006b23   Thumb Code     8  stm32f10x_tim.o(.text)
    TIM_GetCounter                           0x08006b2b   Thumb Code     6  stm32f10x_tim.o(.text)
    TIM_GetPrescaler                         0x08006b31   Thumb Code     6  stm32f10x_tim.o(.text)
    TIM_GetFlagStatus                        0x08006b37   Thumb Code    18  stm32f10x_tim.o(.text)
    TIM_ClearFlag                            0x08006b49   Thumb Code     6  stm32f10x_tim.o(.text)
    TIM_GetITStatus                          0x08006b4f   Thumb Code    34  stm32f10x_tim.o(.text)
    TIM_ClearITPendingBit                    0x08006b71   Thumb Code     6  stm32f10x_tim.o(.text)
    RTC_ITConfig                             0x08006b79   Thumb Code    26  stm32f10x_rtc.o(.text)
    RTC_EnterConfigMode                      0x08006b93   Thumb Code    18  stm32f10x_rtc.o(.text)
    RTC_ExitConfigMode                       0x08006ba5   Thumb Code    20  stm32f10x_rtc.o(.text)
    RTC_GetCounter                           0x08006bb9   Thumb Code    18  stm32f10x_rtc.o(.text)
    RTC_SetCounter                           0x08006bcb   Thumb Code    26  stm32f10x_rtc.o(.text)
    RTC_SetPrescaler                         0x08006be5   Thumb Code    28  stm32f10x_rtc.o(.text)
    RTC_SetAlarm                             0x08006c01   Thumb Code    26  stm32f10x_rtc.o(.text)
    RTC_GetDivider                           0x08006c1b   Thumb Code    22  stm32f10x_rtc.o(.text)
    RTC_WaitForLastTask                      0x08006c31   Thumb Code    18  stm32f10x_rtc.o(.text)
    RTC_WaitForSynchro                       0x08006c43   Thumb Code    36  stm32f10x_rtc.o(.text)
    RTC_GetFlagStatus                        0x08006c67   Thumb Code    22  stm32f10x_rtc.o(.text)
    RTC_ClearFlag                            0x08006c7d   Thumb Code    16  stm32f10x_rtc.o(.text)
    RTC_GetITStatus                          0x08006c8d   Thumb Code    32  stm32f10x_rtc.o(.text)
    RTC_ClearITPendingBit                    0x08006cad   Thumb Code    16  stm32f10x_rtc.o(.text)
    BKP_DeInit                               0x08006cc1   Thumb Code    16  stm32f10x_bkp.o(.text)
    BKP_TamperPinLevelConfig                 0x08006cd1   Thumb Code     6  stm32f10x_bkp.o(.text)
    BKP_TamperPinCmd                         0x08006cd7   Thumb Code     8  stm32f10x_bkp.o(.text)
    BKP_ITConfig                             0x08006cdf   Thumb Code     8  stm32f10x_bkp.o(.text)
    BKP_RTCOutputConfig                      0x08006ce7   Thumb Code    22  stm32f10x_bkp.o(.text)
    BKP_SetRTCCalibrationValue               0x08006cfd   Thumb Code    22  stm32f10x_bkp.o(.text)
    BKP_WriteBackupRegister                  0x08006d13   Thumb Code    24  stm32f10x_bkp.o(.text)
    BKP_ReadBackupRegister                   0x08006d2b   Thumb Code    26  stm32f10x_bkp.o(.text)
    BKP_GetFlagStatus                        0x08006d45   Thumb Code    10  stm32f10x_bkp.o(.text)
    BKP_ClearFlag                            0x08006d4f   Thumb Code    18  stm32f10x_bkp.o(.text)
    BKP_GetITStatus                          0x08006d61   Thumb Code    10  stm32f10x_bkp.o(.text)
    BKP_ClearITPendingBit                    0x08006d6b   Thumb Code    18  stm32f10x_bkp.o(.text)
    PWR_DeInit                               0x08006d85   Thumb Code    22  stm32f10x_pwr.o(.text)
    PWR_BackupAccessCmd                      0x08006d9b   Thumb Code     6  stm32f10x_pwr.o(.text)
    PWR_PVDCmd                               0x08006da1   Thumb Code     6  stm32f10x_pwr.o(.text)
    PWR_PVDLevelConfig                       0x08006da7   Thumb Code    18  stm32f10x_pwr.o(.text)
    PWR_WakeUpPinCmd                         0x08006db9   Thumb Code     8  stm32f10x_pwr.o(.text)
    PWR_EnterSTOPMode                        0x08006dc1   Thumb Code    54  stm32f10x_pwr.o(.text)
    PWR_EnterSTANDBYMode                     0x08006df7   Thumb Code    42  stm32f10x_pwr.o(.text)
    PWR_GetFlagStatus                        0x08006e21   Thumb Code    20  stm32f10x_pwr.o(.text)
    PWR_ClearFlag                            0x08006e35   Thumb Code    14  stm32f10x_pwr.o(.text)
    usmart_sys_cmd_exe                       0x08006e51   Thumb Code  1554  usmart.o(.text)
    usmart_reset_runtime                     0x08007463   Thumb Code    38  usmart.o(.text)
    usmart_get_runtime                       0x08007489   Thumb Code    56  usmart.o(.text)
    TIM4_IRQHandler                          0x080074c1   Thumb Code    50  usmart.o(.text)
    Timer4_Init                              0x080074f3   Thumb Code    94  usmart.o(.text)
    usmart_init                              0x08007551   Thumb Code    36  usmart.o(.text)
    usmart_cmd_rec                           0x08007575   Thumb Code   170  usmart.o(.text)
    usmart_exe                               0x0800761f   Thumb Code   872  usmart.o(.text)
    usmart_scan                              0x08007987   Thumb Code   120  usmart.o(.text)
    read_addr                                0x080079ff   Thumb Code     6  usmart.o(.text)
    write_addr                               0x08007a05   Thumb Code     4  usmart.o(.text)
    usmart_strcmp                            0x08007a91   Thumb Code    34  usmart_str.o(.text)
    usmart_strcopy                           0x08007ab3   Thumb Code    22  usmart_str.o(.text)
    usmart_strlen                            0x08007ac9   Thumb Code    24  usmart_str.o(.text)
    usmart_pow                               0x08007ae1   Thumb Code    22  usmart_str.o(.text)
    usmart_str2num                           0x08007af7   Thumb Code   202  usmart_str.o(.text)
    usmart_get_cmdname                       0x08007bc1   Thumb Code    54  usmart_str.o(.text)
    usmart_search_nextc                      0x08007bf7   Thumb Code    22  usmart_str.o(.text)
    usmart_get_fname                         0x08007c0d   Thumb Code   440  usmart_str.o(.text)
    usmart_get_aparm                         0x08007dc5   Thumb Code   200  usmart_str.o(.text)
    usmart_get_parmpos                       0x08007e8d   Thumb Code    26  usmart_str.o(.text)
    usmart_get_fparam                        0x08007ea7   Thumb Code   262  usmart_str.o(.text)
    image_getcolor                           0x08007fb9   Thumb Code    30  image2lcd.o(.text)
    image_show                               0x08007fd7   Thumb Code   158  image2lcd.o(.text)
    image_display                            0x08008075   Thumb Code    42  image2lcd.o(.text)
    __use_no_semihosting                     0x080080ad   Thumb Code     2  use_no_semi_2.o(.text)
    __2printf                                0x080080b1   Thumb Code    20  noretval__2printf.o(.text)
    _printf_pre_padding                      0x080080c9   Thumb Code    44  _printf_pad.o(.text)
    _printf_post_padding                     0x080080f5   Thumb Code    34  _printf_pad.o(.text)
    _printf_str                              0x08008117   Thumb Code    82  _printf_str.o(.text)
    _printf_int_dec                          0x08008169   Thumb Code   104  _printf_dec.o(.text)
    _printf_int_hex                          0x080081e1   Thumb Code    84  _printf_hex_int.o(.text)
    _printf_longlong_hex                     0x080081e1   Thumb Code     0  _printf_hex_int.o(.text)
    __printf                                 0x08008239   Thumb Code   388  __printf_flags_ss_wp.o(.text)
    srand                                    0x080083c1   Thumb Code    42  rand.o(.text)
    _rand_init                               0x080083eb   Thumb Code     4  rand.o(.text)
    __use_two_region_memory                  0x080083fd   Thumb Code     2  heapauxi.o(.text)
    __rt_heap_escrow$2region                 0x080083ff   Thumb Code     2  heapauxi.o(.text)
    __rt_heap_expand$2region                 0x08008401   Thumb Code     2  heapauxi.o(.text)
    __I$use$semihosting                      0x08008403   Thumb Code     0  use_no_semi.o(.text)
    __use_no_semihosting_swi                 0x08008403   Thumb Code     2  use_no_semi.o(.text)
    _printf_int_common                       0x08008405   Thumb Code   178  _printf_intcommon.o(.text)
    _printf_cs_common                        0x080084b7   Thumb Code    20  _printf_char.o(.text)
    _printf_char                             0x080084cb   Thumb Code    16  _printf_char.o(.text)
    _printf_string                           0x080084db   Thumb Code     8  _printf_char.o(.text)
    _printf_char_file                        0x080084e5   Thumb Code    32  _printf_char_file.o(.text)
    _printf_char_common                      0x08008513   Thumb Code    32  _printf_char_common.o(.text)
    ferror                                   0x08008539   Thumb Code     8  ferror.o(.text)
    __user_setup_stackheap                   0x08008541   Thumb Code    74  sys_stackheap_outer.o(.text)
    exit                                     0x0800858b   Thumb Code    12  exit.o(.text)
    __user_libspace                          0x08008599   Thumb Code     8  libspace.o(.text)
    __user_perproc_libspace                  0x08008599   Thumb Code     0  libspace.o(.text)
    __user_perthread_libspace                0x08008599   Thumb Code     0  libspace.o(.text)
    Digital_Draw_num                         0x080085a1   Thumb Code 10372  digital_led.o(i.Digital_Draw_num)
    _is_digit                                0x0800ae55   Thumb Code    14  __printf_wp.o(i._is_digit)
    __aeabi_d2uiz                            0x0800b01d   Thumb Code     0  dfixu.o(x$fpl$dfixu)
    _dfixu                                   0x0800b01d   Thumb Code    90  dfixu.o(x$fpl$dfixu)
    __aeabi_ui2d                             0x0800b077   Thumb Code     0  dflt_clz.o(x$fpl$dfltu)
    _dfltu                                   0x0800b077   Thumb Code    38  dflt_clz.o(x$fpl$dfltu)
    __aeabi_dmul                             0x0800b09d   Thumb Code     0  dmul.o(x$fpl$dmul)
    _dmul                                    0x0800b09d   Thumb Code   332  dmul.o(x$fpl$dmul)
    __fpl_dnaninf                            0x0800b1f1   Thumb Code   156  dnaninf.o(x$fpl$dnaninf)
    __fpl_dretinf                            0x0800b28d   Thumb Code    12  dretinf.o(x$fpl$dretinf)
    __I$use$fp                               0x0800b298   Number         0  usenofp.o(x$fpl$usenofp)
    asc2_1206                                0x0800b298   Data        1140  lcd.o(.constdata)
    asc2_1608                                0x0800b70c   Data        1520  lcd.o(.constdata)
    asc2_2412                                0x0800bcfc   Data        3420  lcd.o(.constdata)
    table_week                               0x0800ca58   Data          12  rtc.o(.constdata)
    mon_table                                0x0800ca64   Data          12  rtc.o(.constdata)
    gImage_image1                            0x0800ca70   Data       153608  image1.o(.constdata)
    Region$$Table$$Base                      0x080323cc   Number         0  anon$$obj.o(Region$$Table)
    Region$$Table$$Limit                     0x080323ec   Number         0  anon$$obj.o(Region$$Table)
    SystemCoreClock                          0x20000000   Data           4  system_stm32f10x.o(.data)
    AHBPrescTable                            0x20000004   Data          16  system_stm32f10x.o(.data)
    POINT_COLOR                              0x20000014   Data           2  lcd.o(.data)
    BACK_COLOR                               0x20000016   Data           2  lcd.o(.data)
    __stdout                                 0x20000020   Data           4  usart.o(.data)
    USART_RX_STA                             0x20000024   Data           2  usart.o(.data)
    sys_cmd_tab                              0x2000003c   Data          28  usmart.o(.data)
    usmart_nametab                           0x20000058   Data          48  usmart_config.o(.data)
    usmart_dev                               0x20000088   Data         244  usmart_config.o(.data)
    draw_str                                 0x2000017c   Data          24  digital_led.o(.data)
    Color_Point                              0x20000194   Data           2  digital_led.o(.data)
    smgduan                                  0x20000196   Data          16  digital_led.o(.data)
    lcddev                                   0x200001a8   Data          14  lcd.o(.bss)
    calendar                                 0x200001b6   Data          10  rtc.o(.bss)
    fade_calendar                            0x200001c0   Data          10  rtc.o(.bss)
    ALA_calendar                             0x200001ca   Data          10  rtc.o(.bss)
    USART_RX_BUF                             0x200001d4   Data         200  usart.o(.bss)
    _random_number_data                      0x2000029c   Data         228  rand.o(.bss)
    __libspace_start                         0x20000380   Data          96  libspace.o(.bss)
    __temporary_stack_top$libspace           0x200003e0   Data           0  libspace.o(.bss)



==============================================================================

Memory Map of the image

  Image Entry point : 0x08000131

  Load Region LR_IROM1 (Base: 0x08000000, Size: 0x00032594, Max: 0x00040000, ABSOLUTE, COMPRESSED[0x0003247c])

    Execution Region ER_IROM1 (Exec base: 0x08000000, Load base: 0x08000000, Size: 0x000323ec, Max: 0x00040000, ABSOLUTE)

    Exec Addr    Load Addr    Size         Type   Attr      Idx    E Section Name        Object

    0x08000000   0x08000000   0x00000130   Data   RO          448    RESET               startup_stm32f10x_hd.o
    0x08000130   0x08000130   0x00000008   Code   RO          776  * !!!main             c_w.l(__main.o)
    0x08000138   0x08000138   0x00000034   Code   RO          964    !!!scatter          c_w.l(__scatter.o)
    0x0800016c   0x0800016c   0x0000005a   Code   RO          962    !!dczerorl2         c_w.l(__dczerorl2.o)
    0x080001c6   0x080001c6   0x00000002   PAD
    0x080001c8   0x080001c8   0x0000001c   Code   RO          966    !!handler_zi        c_w.l(__scatter_zi.o)
    0x080001e4   0x080001e4   0x00000000   Code   RO          766    .ARM.Collect$$_printf_percent$$00000000  c_w.l(_printf_percent.o)
    0x080001e4   0x080001e4   0x00000006   Code   RO          764    .ARM.Collect$$_printf_percent$$00000009  c_w.l(_printf_d.o)
    0x080001ea   0x080001ea   0x00000006   Code   RO          765    .ARM.Collect$$_printf_percent$$0000000A  c_w.l(_printf_u.o)
    0x080001f0   0x080001f0   0x00000006   Code   RO          763    .ARM.Collect$$_printf_percent$$0000000C  c_w.l(_printf_x.o)
    0x080001f6   0x080001f6   0x00000006   Code   RO          761    .ARM.Collect$$_printf_percent$$00000013  c_w.l(_printf_c.o)
    0x080001fc   0x080001fc   0x00000006   Code   RO          762    .ARM.Collect$$_printf_percent$$00000014  c_w.l(_printf_s.o)
    0x08000202   0x08000202   0x00000004   Code   RO          799    .ARM.Collect$$_printf_percent$$00000017  c_w.l(_printf_percent_end.o)
    0x08000206   0x08000206   0x00000002   Code   RO          890    .ARM.Collect$$libinit$$00000000  c_w.l(libinit.o)
    0x08000208   0x08000208   0x00000000   Code   RO          801    .ARM.Collect$$libinit$$00000002  c_w.l(libinit2.o)
    0x08000208   0x08000208   0x00000000   Code   RO          803    .ARM.Collect$$libinit$$00000004  c_w.l(libinit2.o)
    0x08000208   0x08000208   0x00000000   Code   RO          806    .ARM.Collect$$libinit$$0000000A  c_w.l(libinit2.o)
    0x08000208   0x08000208   0x00000000   Code   RO          808    .ARM.Collect$$libinit$$0000000C  c_w.l(libinit2.o)
    0x08000208   0x08000208   0x00000004   Code   RO          809    .ARM.Collect$$libinit$$0000000D  c_w.l(libinit2.o)
    0x0800020c   0x0800020c   0x00000000   Code   RO          810    .ARM.Collect$$libinit$$0000000E  c_w.l(libinit2.o)
    0x0800020c   0x0800020c   0x00000000   Code   RO          813    .ARM.Collect$$libinit$$00000011  c_w.l(libinit2.o)
    0x0800020c   0x0800020c   0x00000000   Code   RO          815    .ARM.Collect$$libinit$$00000013  c_w.l(libinit2.o)
    0x0800020c   0x0800020c   0x00000000   Code   RO          817    .ARM.Collect$$libinit$$00000015  c_w.l(libinit2.o)
    0x0800020c   0x0800020c   0x00000000   Code   RO          819    .ARM.Collect$$libinit$$00000017  c_w.l(libinit2.o)
    0x0800020c   0x0800020c   0x00000000   Code   RO          821    .ARM.Collect$$libinit$$00000019  c_w.l(libinit2.o)
    0x0800020c   0x0800020c   0x00000000   Code   RO          823    .ARM.Collect$$libinit$$0000001B  c_w.l(libinit2.o)
    0x0800020c   0x0800020c   0x00000000   Code   RO          825    .ARM.Collect$$libinit$$0000001D  c_w.l(libinit2.o)
    0x0800020c   0x0800020c   0x00000000   Code   RO          827    .ARM.Collect$$libinit$$0000001F  c_w.l(libinit2.o)
    0x0800020c   0x0800020c   0x00000000   Code   RO          829    .ARM.Collect$$libinit$$00000021  c_w.l(libinit2.o)
    0x0800020c   0x0800020c   0x00000000   Code   RO          831    .ARM.Collect$$libinit$$00000023  c_w.l(libinit2.o)
    0x0800020c   0x0800020c   0x00000000   Code   RO          833    .ARM.Collect$$libinit$$00000025  c_w.l(libinit2.o)
    0x0800020c   0x0800020c   0x00000000   Code   RO          837    .ARM.Collect$$libinit$$0000002C  c_w.l(libinit2.o)
    0x0800020c   0x0800020c   0x00000000   Code   RO          839    .ARM.Collect$$libinit$$0000002E  c_w.l(libinit2.o)
    0x0800020c   0x0800020c   0x00000000   Code   RO          841    .ARM.Collect$$libinit$$00000030  c_w.l(libinit2.o)
    0x0800020c   0x0800020c   0x00000000   Code   RO          843    .ARM.Collect$$libinit$$00000032  c_w.l(libinit2.o)
    0x0800020c   0x0800020c   0x00000002   Code   RO          844    .ARM.Collect$$libinit$$00000033  c_w.l(libinit2.o)
    0x0800020e   0x0800020e   0x00000002   Code   RO          924    .ARM.Collect$$libshutdown$$00000000  c_w.l(libshutdown.o)
    0x08000210   0x08000210   0x00000000   Code   RO          931    .ARM.Collect$$libshutdown$$00000003  c_w.l(libshutdown2.o)
    0x08000210   0x08000210   0x00000000   Code   RO          934    .ARM.Collect$$libshutdown$$00000006  c_w.l(libshutdown2.o)
    0x08000210   0x08000210   0x00000000   Code   RO          937    .ARM.Collect$$libshutdown$$00000009  c_w.l(libshutdown2.o)
    0x08000210   0x08000210   0x00000000   Code   RO          939    .ARM.Collect$$libshutdown$$0000000B  c_w.l(libshutdown2.o)
    0x08000210   0x08000210   0x00000000   Code   RO          942    .ARM.Collect$$libshutdown$$0000000E  c_w.l(libshutdown2.o)
    0x08000210   0x08000210   0x00000002   Code   RO          943    .ARM.Collect$$libshutdown$$0000000F  c_w.l(libshutdown2.o)
    0x08000212   0x08000212   0x00000000   Code   RO          792    .ARM.Collect$$rtentry$$00000000  c_w.l(__rtentry.o)
    0x08000212   0x08000212   0x00000000   Code   RO          851    .ARM.Collect$$rtentry$$00000002  c_w.l(__rtentry2.o)
    0x08000212   0x08000212   0x00000006   Code   RO          863    .ARM.Collect$$rtentry$$00000004  c_w.l(__rtentry4.o)
    0x08000218   0x08000218   0x00000000   Code   RO          853    .ARM.Collect$$rtentry$$00000009  c_w.l(__rtentry2.o)
    0x08000218   0x08000218   0x00000004   Code   RO          854    .ARM.Collect$$rtentry$$0000000A  c_w.l(__rtentry2.o)
    0x0800021c   0x0800021c   0x00000000   Code   RO          856    .ARM.Collect$$rtentry$$0000000C  c_w.l(__rtentry2.o)
    0x0800021c   0x0800021c   0x00000008   Code   RO          857    .ARM.Collect$$rtentry$$0000000D  c_w.l(__rtentry2.o)
    0x08000224   0x08000224   0x00000002   Code   RO          896    .ARM.Collect$$rtexit$$00000000  c_w.l(rtexit.o)
    0x08000226   0x08000226   0x00000000   Code   RO          906    .ARM.Collect$$rtexit$$00000002  c_w.l(rtexit2.o)
    0x08000226   0x08000226   0x00000004   Code   RO          907    .ARM.Collect$$rtexit$$00000003  c_w.l(rtexit2.o)
    0x0800022a   0x0800022a   0x00000006   Code   RO          908    .ARM.Collect$$rtexit$$00000004  c_w.l(rtexit2.o)
    0x08000230   0x08000230   0x000003c4   Code   RO            1    .text               main.o
    0x080005f4   0x080005f4   0x0000001a   Code   RO          150    .text               stm32f10x_it.o
    0x0800060e   0x0800060e   0x00000002   PAD
    0x08000610   0x08000610   0x000001e0   Code   RO          248    .text               system_stm32f10x.o
    0x080007f0   0x080007f0   0x000002c4   Code   RO          266    .text               shownum.o
    0x08000ab4   0x08000ab4   0x00000050   Code   RO          281    .text               led.o
    0x08000b04   0x08000b04   0x00003f90   Code   RO          325    .text               lcd.o
    0x08004a94   0x08004a94   0x00000490   Code   RO          359    .text               rtc.o
    0x08004f24   0x08004f24   0x000000d4   Code   RO          382    .text               delay.o
    0x08004ff8   0x08004ff8   0x00000140   Code   RO          413    .text               usart.o
    0x08005138   0x08005138   0x00000040   Code   RO          449    .text               startup_stm32f10x_hd.o
    0x08005178   0x08005178   0x0000035c   Code   RO          453    .text               stm32f10x_gpio.o
    0x080054d4   0x080054d4   0x000003a4   Code   RO          465    .text               stm32f10x_rcc.o
    0x08005878   0x08005878   0x00000408   Code   RO          479    .text               stm32f10x_usart.o
    0x08005c80   0x08005c80   0x000000dc   Code   RO          491    .text               misc.o
    0x08005d5c   0x08005d5c   0x00000e1a   Code   RO          503    .text               stm32f10x_tim.o
    0x08006b76   0x08006b76   0x00000002   PAD
    0x08006b78   0x08006b78   0x00000148   Code   RO          515    .text               stm32f10x_rtc.o
    0x08006cc0   0x08006cc0   0x000000c4   Code   RO          527    .text               stm32f10x_bkp.o
    0x08006d84   0x08006d84   0x000000cc   Code   RO          539    .text               stm32f10x_pwr.o
    0x08006e50   0x08006e50   0x00000c40   Code   RO          551    .text               usmart.o
    0x08007a90   0x08007a90   0x00000528   Code   RO          595    .text               usmart_str.o
    0x08007fb8   0x08007fb8   0x000000f4   Code   RO          614    .text               image2lcd.o
    0x080080ac   0x080080ac   0x00000002   Code   RO          706    .text               c_w.l(use_no_semi_2.o)
    0x080080ae   0x080080ae   0x00000002   PAD
    0x080080b0   0x080080b0   0x00000018   Code   RO          710    .text               c_w.l(noretval__2printf.o)
    0x080080c8   0x080080c8   0x0000004e   Code   RO          714    .text               c_w.l(_printf_pad.o)
    0x08008116   0x08008116   0x00000052   Code   RO          716    .text               c_w.l(_printf_str.o)
    0x08008168   0x08008168   0x00000078   Code   RO          718    .text               c_w.l(_printf_dec.o)
    0x080081e0   0x080081e0   0x00000058   Code   RO          723    .text               c_w.l(_printf_hex_int.o)
    0x08008238   0x08008238   0x00000188   Code   RO          758    .text               c_w.l(__printf_flags_ss_wp.o)
    0x080083c0   0x080083c0   0x0000003c   Code   RO          768    .text               c_w.l(rand.o)
    0x080083fc   0x080083fc   0x00000006   Code   RO          774    .text               c_w.l(heapauxi.o)
    0x08008402   0x08008402   0x00000002   Code   RO          790    .text               c_w.l(use_no_semi.o)
    0x08008404   0x08008404   0x000000b2   Code   RO          793    .text               c_w.l(_printf_intcommon.o)
    0x080084b6   0x080084b6   0x0000002c   Code   RO          795    .text               c_w.l(_printf_char.o)
    0x080084e2   0x080084e2   0x00000002   PAD
    0x080084e4   0x080084e4   0x00000024   Code   RO          797    .text               c_w.l(_printf_char_file.o)
    0x08008508   0x08008508   0x00000030   Code   RO          865    .text               c_w.l(_printf_char_common.o)
    0x08008538   0x08008538   0x00000008   Code   RO          867    .text               c_w.l(ferror.o)
    0x08008540   0x08008540   0x0000004a   Code   RO          875    .text               c_w.l(sys_stackheap_outer.o)
    0x0800858a   0x0800858a   0x0000000c   Code   RO          879    .text               c_w.l(exit.o)
    0x08008596   0x08008596   0x00000002   PAD
    0x08008598   0x08008598   0x00000008   Code   RO          893    .text               c_w.l(libspace.o)
    0x080085a0   0x080085a0   0x00002888   Code   RO          644    i.Digital_Draw_num  Library.lib(digital_led.o)
    0x0800ae28   0x0800ae28   0x0000002c   Code   RO          645    i.Digltal_Lib_Draw_Line  Library.lib(digital_led.o)
    0x0800ae54   0x0800ae54   0x0000000e   Code   RO          751    i._is_digit         c_w.l(__printf_wp.o)
    0x0800ae62   0x0800ae62   0x000000d4   Code   RO          649    i._lib_draw_bline   Library.lib(digital_led.o)
    0x0800af36   0x0800af36   0x00000002   PAD
    0x0800af38   0x0800af38   0x00000034   Code   RO          650    i._lib_draw_hline   Library.lib(digital_led.o)
    0x0800af6c   0x0800af6c   0x000000b0   Code   RO          651    i._lib_fill_circle  Library.lib(digital_led.o)
    0x0800b01c   0x0800b01c   0x0000005a   Code   RO          778    x$fpl$dfixu         fz_ws.l(dfixu.o)
    0x0800b076   0x0800b076   0x00000026   Code   RO          782    x$fpl$dfltu         fz_ws.l(dflt_clz.o)
    0x0800b09c   0x0800b09c   0x00000154   Code   RO          788    x$fpl$dmul          fz_ws.l(dmul.o)
    0x0800b1f0   0x0800b1f0   0x0000009c   Code   RO          845    x$fpl$dnaninf       fz_ws.l(dnaninf.o)
    0x0800b28c   0x0800b28c   0x0000000c   Code   RO          847    x$fpl$dretinf       fz_ws.l(dretinf.o)
    0x0800b298   0x0800b298   0x00000000   Code   RO          849    x$fpl$usenofp       fz_ws.l(usenofp.o)
    0x0800b298   0x0800b298   0x000017c0   Data   RO          327    .constdata          lcd.o
    0x0800ca58   0x0800ca58   0x00000018   Data   RO          361    .constdata          rtc.o
    0x0800ca70   0x0800ca70   0x00025808   Data   RO          607    .constdata          image1.o
    0x08032278   0x08032278   0x00000028   Data   RO          724    .constdata          c_w.l(_printf_hex_int.o)
    0x080322a0   0x080322a0   0x00000011   Data   RO          759    .constdata          c_w.l(__printf_flags_ss_wp.o)
    0x080322b1   0x080322b1   0x00000003   PAD
    0x080322b4   0x080322b4   0x00000028   Data   RO          552    .conststring        usmart.o
    0x080322dc   0x080322dc   0x000000ef   Data   RO          574    .conststring        usmart_config.o
    0x080323cb   0x080323cb   0x00000001   PAD
    0x080323cc   0x080323cc   0x00000020   Data   RO          960    Region$$Table       anon$$obj.o


    Execution Region RW_IRAM1 (Exec base: 0x20000000, Load base: 0x080323ec, Size: 0x000009e0, Max: 0x0000c000, ABSOLUTE, COMPRESSED[0x00000090])

    Exec Addr    Load Addr    Size         Type   Attr      Idx    E Section Name        Object

    0x20000000   COMPRESSED   0x00000014   Data   RW          249    .data               system_stm32f10x.o
    0x20000014   COMPRESSED   0x00000004   Data   RW          328    .data               lcd.o
    0x20000018   COMPRESSED   0x00000002   Data   RW          362    .data               rtc.o
    0x2000001a   COMPRESSED   0x00000004   Data   RW          383    .data               delay.o
    0x2000001e   COMPRESSED   0x00000002   PAD
    0x20000020   COMPRESSED   0x00000006   Data   RW          415    .data               usart.o
    0x20000026   COMPRESSED   0x00000014   Data   RW          466    .data               stm32f10x_rcc.o
    0x2000003a   COMPRESSED   0x00000002   PAD
    0x2000003c   COMPRESSED   0x0000001c   Data   RW          553    .data               usmart.o
    0x20000058   COMPRESSED   0x00000124   Data   RW          575    .data               usmart_config.o
    0x2000017c   COMPRESSED   0x0000002a   Data   RW          653    .data               Library.lib(digital_led.o)
    0x200001a6   COMPRESSED   0x00000002   PAD
    0x200001a8        -       0x0000000e   Zero   RW          326    .bss                lcd.o
    0x200001b6        -       0x0000001e   Zero   RW          360    .bss                rtc.o
    0x200001d4        -       0x000000c8   Zero   RW          414    .bss                usart.o
    0x2000029c        -       0x000000e4   Zero   RW          769    .bss                c_w.l(rand.o)
    0x20000380        -       0x00000060   Zero   RW          894    .bss                c_w.l(libspace.o)
    0x200003e0        -       0x00000200   Zero   RW          447    HEAP                startup_stm32f10x_hd.o
    0x200005e0        -       0x00000400   Zero   RW          446    STACK               startup_stm32f10x_hd.o


==============================================================================

Image component sizes


      Code (inc. data)   RO Data    RW Data    ZI Data      Debug   Object Name

       212         18          0          4          0       1047   delay.o
         0          0     153608          0          0        464   image1.o
       244         14          0          0          0       2126   image2lcd.o
     16272        168       6080          4         14      20383   lcd.o
        80          8          0          0          0     205303   led.o
       964         84          0          0          0     211287   main.o
       220         22          0          0          0       1825   misc.o
      1168         38         24          2         30       4353   rtc.o
       708          6          0          0          0       2456   shownum.o
        64         26        304          0       1536        856   startup_stm32f10x_hd.o
       196          8          0          0          0       3484   stm32f10x_bkp.o
       860         38          0          0          0       5669   stm32f10x_gpio.o
        26          0          0          0          0      44746   stm32f10x_it.o
       204         14          0          0          0       1931   stm32f10x_pwr.o
       932         36          0         20          0       8848   stm32f10x_rcc.o
       328          4          0          0          0       2678   stm32f10x_rtc.o
      3610         88          0          0          0      22152   stm32f10x_tim.o
      1032         22          0          0          0       8392   stm32f10x_usart.o
         0          0          0          0          0         32   sys.o
       480         38          0         20          0       1775   system_stm32f10x.o
       320         18          0          6        200       3158   usart.o
      3136       1288         40         28          0       4310   usmart.o
         0          0        239        292          0       1664   usmart_config.o
      1320         12          0          0          0       5073   usmart_str.o

    ----------------------------------------------------------------------
     32380       1950     160328        380       1780     564012   Object Totals
         0          0         32          0          0          0   (incl. Generated)
         4          0          1          4          0          0   (incl. Padding)

    ----------------------------------------------------------------------

      Code (inc. data)   RO Data    RW Data    ZI Data      Debug   Library Member Name

     10860         64          0         42          0       8182   digital_led.o
        90          0          0          0          0          0   __dczerorl2.o
         8          0          0          0          0         68   __main.o
       392          4         17          0          0         92   __printf_flags_ss_wp.o
        14          0          0          0          0         68   __printf_wp.o
         0          0          0          0          0          0   __rtentry.o
        12          0          0          0          0          0   __rtentry2.o
         6          0          0          0          0          0   __rtentry4.o
        52          8          0          0          0          0   __scatter.o
        28          0          0          0          0          0   __scatter_zi.o
         6          0          0          0          0          0   _printf_c.o
        44          0          0          0          0        108   _printf_char.o
        48          6          0          0          0         96   _printf_char_common.o
        36          4          0          0          0         80   _printf_char_file.o
         6          0          0          0          0          0   _printf_d.o
       120         16          0          0          0         92   _printf_dec.o
        88          4         40          0          0         88   _printf_hex_int.o
       178          0          0          0          0         88   _printf_intcommon.o
        78          0          0          0          0        108   _printf_pad.o
         0          0          0          0          0          0   _printf_percent.o
         4          0          0          0          0          0   _printf_percent_end.o
         6          0          0          0          0          0   _printf_s.o
        82          0          0          0          0         80   _printf_str.o
         6          0          0          0          0          0   _printf_u.o
         6          0          0          0          0          0   _printf_x.o
        12          0          0          0          0         72   exit.o
         8          0          0          0          0         68   ferror.o
         6          0          0          0          0        152   heapauxi.o
         2          0          0          0          0          0   libinit.o
         6          0          0          0          0          0   libinit2.o
         2          0          0          0          0          0   libshutdown.o
         2          0          0          0          0          0   libshutdown2.o
         8          4          0          0         96         68   libspace.o
        24          4          0          0          0         84   noretval__2printf.o
        60         14          0          0        228         92   rand.o
         2          0          0          0          0          0   rtexit.o
        10          0          0          0          0          0   rtexit2.o
        74          0          0          0          0         80   sys_stackheap_outer.o
         2          0          0          0          0         68   use_no_semi.o
         2          0          0          0          0         68   use_no_semi_2.o
        90          4          0          0          0         92   dfixu.o
        38          0          0          0          0         68   dflt_clz.o
       340         12          0          0          0        104   dmul.o
       156          4          0          0          0         92   dnaninf.o
        12          0          0          0          0         68   dretinf.o
         0          0          0          0          0          0   usenofp.o

    ----------------------------------------------------------------------
     13036        148         60         44        324      10326   Library Totals
        10          0          3          2          0          0   (incl. Padding)

    ----------------------------------------------------------------------

      Code (inc. data)   RO Data    RW Data    ZI Data      Debug   Library Name

     10860         64          0         42          0       8182   Library.lib
      1530         64         57          0        324       1720   c_w.l
       636         20          0          0          0        424   fz_ws.l

    ----------------------------------------------------------------------
     13036        148         60         44        324      10326   Library Totals

    ----------------------------------------------------------------------

==============================================================================


      Code (inc. data)   RO Data    RW Data    ZI Data      Debug   

     45416       2098     160388        424       2104     570954   Grand Totals
     45416       2098     160388        144       2104     570954   ELF Image Totals (compressed)
     45416       2098     160388        144          0          0   ROM Totals

==============================================================================

    Total RO  Size (Code + RO Data)               205804 ( 200.98kB)
    Total RW  Size (RW Data + ZI Data)              2528 (   2.47kB)
    Total ROM Size (Code + RO Data + RW Data)     205948 ( 201.12kB)

==============================================================================

